
===== tick 1 2026-09-14T03:08:15Z =====
nado perp symbols: 82
  UNWIND pos #4 UAI aster->binance: floor_param_change
  XMR dydx->binance: venue frozen ['binance'], skip
  BTW aster->bitget: venue frozen ['aster'], skip

== ENTRY CHECK INJ bingx->okx $250/leg seq=tt
nado perp symbols: 82
  [PASS] TW1_identity: {"mid_short": 6.1335, "mid_long": 6.1325, "dev_pct": 0.016, "margining": ["linear_usdt", "linear_usdt"], "gate
  [PASS] TW2_persistence: {"pos_day_frac": 0.9553, "model": "sharpe_ffill", "gate_pos_frac": 0.95, "intervals": {"bingx": {"live_interva
  [FAIL] TW3_live_spread: {"live_apr": -0.9382, "median60d_apr": 0.0134, "frac_of_median": -70.213, "gate_frac": 0.4, "model": "sharpe_f
  [PASS] TW4_depth_rewalk: {"worst_slip_bps": 1.6, "gate_slip_bps": 25.0, "size_usd": 250, "walks": {"bingx_short": {"entry_slip_bps": 0.
  [PASS] TW5_floor_monitor: {"venues": {"bingx": {"note": "no native funding-param endpoint (rate/interval watched via TW2)"}, "okx": {"no
  [PASS] TW6_counterparty: {"bingx": {"cap_usd": 5000.0, "exposure_now_usd": 250.0, "projected_usd": 500.0, "tier": 2}, "okx": {"cap_usd"
  [FAIL] CHAIN: {"tripwires": {"TW1_identity": "pass", "TW2_persistence": "pass", "TW3_live_spread": "fail", "TW4_depth_rewalk
nado perp symbols: 82

== ENTRY CHECK LINK nado->okx $250/leg seq=sm_lt
nado perp symbols: 82
  [PASS] TW1_identity: {"mid_short": 11.4095, "mid_long": 11.4085, "dev_pct": 0.009, "margining": ["linear_usdc", "linear_usdt"], "ga
  [FAIL] TW2_persistence: {"pos_day_frac": 0.932, "model": "sharpe_ffill", "gate_pos_frac": 0.95, "intervals": {"nado": {"live_interval_
  [PASS] TW3_live_spread: {"live_apr": 0.1359, "median60d_apr": 0.0332, "frac_of_median": 4.096, "gate_frac": 0.4, "model": "sharpe_ffil
  [PASS] TW4_depth_rewalk: {"worst_slip_bps": 1.0, "gate_slip_bps": 25.0, "size_usd": 250, "walks": {"nado_short": {"entry_slip_bps": 0.8
  [PASS] TW5_floor_monitor: {"venues": {"nado": {"note": "no native funding-param endpoint (rate/interval watched via TW2)"}, "okx": {"not
  [PASS] TW6_counterparty: {"nado": {"cap_usd": 5000.0, "exposure_now_usd": 0, "projected_usd": 250, "tier": 2}, "okx": {"cap_usd": 20000
  [FAIL] CHAIN: {"tripwires": {"TW1_identity": "pass", "TW2_persistence": "fail", "TW3_live_spread": "pass", "TW4_depth_rewalk
nado perp symbols: 82

[tick done 20.5s active=1]

===== tick 2 2026-09-14T03:08:56Z =====
nado perp symbols: 82
  FILL UAI aster->binance short/aster buy taker qty=767.757 px=0.520998 slip=5.7bps fee=4.00bps
  FILL UAI aster->binance long/binance sell taker qty=768.846 px=0.52026 slip=2.7bps fee=5.00bps
  CLOSE pos #4 UAI aster->binance RT 0.257% vs assumed 0.165% [OVER]
  XMR dydx->binance: venue frozen ['binance'], skip
  BTW aster->bitget: venue frozen ['aster'], skip
  UAI aster->binance: venue frozen ['aster', 'binance'], skip

== ENTRY CHECK INJ bingx->okx $250/leg seq=tt
nado perp symbols: 82
  [PASS] TW1_identity: {"mid_short": 6.138, "mid_long": 6.1375, "dev_pct": 0.008, "margining": ["linear_usdt", "linear_usdt"], "gate_
  [PASS] TW2_persistence: {"pos_day_frac": 0.9553, "model": "sharpe_ffill", "gate_pos_frac": 0.95, "intervals": {"bingx": {"live_interva
  [FAIL] TW3_live_spread: {"live_apr": -0.9067, "median60d_apr": 0.0134, "frac_of_median": -67.853, "gate_frac": 0.4, "model": "sharpe_f
  [PASS] TW4_depth_rewalk: {"worst_slip_bps": 0.8, "gate_slip_bps": 25.0, "size_usd": 250, "walks": {"bingx_short": {"entry_slip_bps": 0.
  [PASS] TW5_floor_monitor: {"venues": {"bingx": {"note": "no native funding-param endpoint (rate/interval watched via TW2)"}, "okx": {"no
  [PASS] TW6_counterparty: {"bingx": {"cap_usd": 5000.0, "exposure_now_usd": 250.0, "projected_usd": 500.0, "tier": 2}, "okx": {"cap_usd"
  [FAIL] CHAIN: {"tripwires": {"TW1_identity": "pass", "TW2_persistence": "pass", "TW3_live_spread": "fail", "TW4_depth_rewalk
nado perp symbols: 82

== ENTRY CHECK LINK nado->okx $250/leg seq=sm_lt
nado perp symbols: 82
  [PASS] TW1_identity: {"mid_short": 11.429, "mid_long": 11.4275, "dev_pct": 0.013, "margining": ["linear_usdc", "linear_usdt"], "gat
  [FAIL] TW2_persistence: {"pos_day_frac": 0.932, "model": "sharpe_ffill", "gate_pos_frac": 0.95, "intervals": {"nado": {"live_interval_
  [PASS] TW3_live_spread: {"live_apr": 0.1359, "median60d_apr": 0.0332, "frac_of_median": 4.096, "gate_frac": 0.4, "model": "sharpe_ffil
  [PASS] TW4_depth_rewalk: {"worst_slip_bps": 0.4, "gate_slip_bps": 25.0, "size_usd": 250, "walks": {"nado_short": {"entry_slip_bps": 0.4
  [PASS] TW5_floor_monitor: {"venues": {"nado": {"note": "no native funding-param endpoint (rate/interval watched via TW2)"}, "okx": {"not
  [PASS] TW6_counterparty: {"nado": {"cap_usd": 5000.0, "exposure_now_usd": 0, "projected_usd": 250, "tier": 2}, "okx": {"cap_usd": 20000
  [FAIL] CHAIN: {"tripwires": {"TW1_identity": "pass", "TW2_persistence": "fail", "TW3_live_spread": "pass", "TW4_depth_rewalk
nado perp symbols: 82

[tick done 17.4s active=0]

===== tick 3 2026-09-14T03:09:33Z =====
nado perp symbols: 82
  XMR dydx->binance: venue frozen ['binance'], skip
  BTW aster->bitget: venue frozen ['aster'], skip
  UAI aster->binance: venue frozen ['aster', 'binance'], skip

== ENTRY CHECK INJ bingx->okx $250/leg seq=tt
nado perp symbols: 82
  [PASS] TW1_identity: {"mid_short": 6.138, "mid_long": 6.1385, "dev_pct": 0.008, "margining": ["linear_usdt", "linear_usdt"], "gate_
  [PASS] TW2_persistence: {"pos_day_frac": 0.9553, "model": "sharpe_ffill", "gate_pos_frac": 0.95, "intervals": {"bingx": {"live_interva
  [FAIL] TW3_live_spread: {"live_apr": -0.9067, "median60d_apr": 0.0134, "frac_of_median": -67.853, "gate_frac": 0.4, "model": "sharpe_f
  [PASS] TW4_depth_rewalk: {"worst_slip_bps": 1.6, "gate_slip_bps": 25.0, "size_usd": 250, "walks": {"bingx_short": {"entry_slip_bps": 1.
  [PASS] TW5_floor_monitor: {"venues": {"bingx": {"note": "no native funding-param endpoint (rate/interval watched via TW2)"}, "okx": {"no
  [PASS] TW6_counterparty: {"bingx": {"cap_usd": 5000.0, "exposure_now_usd": 250.0, "projected_usd": 500.0, "tier": 2}, "okx": {"cap_usd"
  [FAIL] CHAIN: {"tripwires": {"TW1_identity": "pass", "TW2_persistence": "pass", "TW3_live_spread": "fail", "TW4_depth_rewalk
nado perp symbols: 82

== ENTRY CHECK LINK nado->okx $250/leg seq=sm_lt
nado perp symbols: 82
  [PASS] TW1_identity: {"mid_short": 11.435, "mid_long": 11.4335, "dev_pct": 0.013, "margining": ["linear_usdc", "linear_usdt"], "gat
  [FAIL] TW2_persistence: {"pos_day_frac": 0.932, "model": "sharpe_ffill", "gate_pos_frac": 0.95, "intervals": {"nado": {"live_interval_
  [PASS] TW3_live_spread: {"live_apr": 0.1354, "median60d_apr": 0.0332, "frac_of_median": 4.082, "gate_frac": 0.4, "model": "sharpe_ffil
  [PASS] TW4_depth_rewalk: {"worst_slip_bps": 0.5, "gate_slip_bps": 25.0, "size_usd": 250, "walks": {"nado_short": {"entry_slip_bps": 0.4
  [PASS] TW5_floor_monitor: {"venues": {"nado": {"note": "no native funding-param endpoint (rate/interval watched via TW2)"}, "okx": {"not
  [PASS] TW6_counterparty: {"nado": {"cap_usd": 5000.0, "exposure_now_usd": 0, "projected_usd": 250, "tier": 2}, "okx": {"cap_usd": 20000
  [FAIL] CHAIN: {"tripwires": {"TW1_identity": "pass", "TW2_persistence": "fail", "TW3_live_spread": "pass", "TW4_depth_rewalk
nado perp symbols: 82

[tick done 16.9s active=0]

===== tick 4 2026-09-14T03:10:10Z =====
nado perp symbols: 82
  XMR dydx->binance: venue frozen ['binance'], skip
  BTW aster->bitget: venue frozen ['aster'], skip
  UAI aster->binance: venue frozen ['aster', 'binance'], skip

== ENTRY CHECK INJ bingx->okx $250/leg seq=tt
nado perp symbols: 82
  [PASS] TW1_identity: {"mid_short": 6.135, "mid_long": 6.1355, "dev_pct": 0.008, "margining": ["linear_usdt", "linear_usdt"], "gate_
  [PASS] TW2_persistence: {"pos_day_frac": 0.9553, "model": "sharpe_ffill", "gate_pos_frac": 0.95, "intervals": {"bingx": {"live_interva
  [FAIL] TW3_live_spread: {"live_apr": -0.9067, "median60d_apr": 0.0134, "frac_of_median": -67.853, "gate_frac": 0.4, "model": "sharpe_f
  [PASS] TW4_depth_rewalk: {"worst_slip_bps": 1.8, "gate_slip_bps": 25.0, "size_usd": 250, "walks": {"bingx_short": {"entry_slip_bps": 0.
  [PASS] TW5_floor_monitor: {"venues": {"bingx": {"note": "no native funding-param endpoint (rate/interval watched via TW2)"}, "okx": {"no
  [PASS] TW6_counterparty: {"bingx": {"cap_usd": 5000.0, "exposure_now_usd": 250.0, "projected_usd": 500.0, "tier": 2}, "okx": {"cap_usd"
  [FAIL] CHAIN: {"tripwires": {"TW1_identity": "pass", "TW2_persistence": "pass", "TW3_live_spread": "fail", "TW4_depth_rewalk
nado perp symbols: 82

== ENTRY CHECK LINK nado->okx $250/leg seq=sm_lt
nado perp symbols: 82
  [PASS] TW1_identity: {"mid_short": 11.424, "mid_long": 11.4215, "dev_pct": 0.022, "margining": ["linear_usdc", "linear_usdt"], "gat
  [FAIL] TW2_persistence: {"pos_day_frac": 0.932, "model": "sharpe_ffill", "gate_pos_frac": 0.95, "intervals": {"nado": {"live_interval_
  [PASS] TW3_live_spread: {"live_apr": 0.1346, "median60d_apr": 0.0332, "frac_of_median": 4.056, "gate_frac": 0.4, "model": "sharpe_ffil
  [PASS] TW4_depth_rewalk: {"worst_slip_bps": 0.4, "gate_slip_bps": 25.0, "size_usd": 250, "walks": {"nado_short": {"entry_slip_bps": 0.4
  [PASS] TW5_floor_monitor: {"venues": {"nado": {"note": "no native funding-param endpoint (rate/interval watched via TW2)"}, "okx": {"not
  [PASS] TW6_counterparty: {"nado": {"cap_usd": 5000.0, "exposure_now_usd": 0, "projected_usd": 250, "tier": 2}, "okx": {"cap_usd": 20000
  [FAIL] CHAIN: {"tripwires": {"TW1_identity": "pass", "TW2_persistence": "fail", "TW3_live_spread": "pass", "TW4_depth_rewalk
nado perp symbols: 82

[tick done 16.8s active=0]

===== tick 5 2026-09-14T03:10:47Z =====
nado perp symbols: 82
  book binance/UAI: ERR binance UAI: {'code': -1003, 'msg': 'Way too many requests; IP(8.212.10.159) ban
  book binance/XMR: ERR binance XMR: {'code': -1003, 'msg': 'Way too many requests; IP(8.212.10.159) ban
  XMR dydx->binance: venue frozen ['binance'], skip
  BTW aster->bitget: venue frozen ['aster'], skip
  UAI aster->binance: venue frozen ['aster', 'binance'], skip

== ENTRY CHECK INJ bingx->okx $250/leg seq=tt
nado perp symbols: 82
  [PASS] TW1_identity: {"mid_short": 6.1345, "mid_long": 6.134, "dev_pct": 0.008, "margining": ["linear_usdt", "linear_usdt"], "gate_
  [PASS] TW2_persistence: {"pos_day_frac": 0.9553, "model": "sharpe_ffill", "gate_pos_frac": 0.95, "intervals": {"bingx": {"live_interva
  [FAIL] TW3_live_spread: {"live_apr": -0.9067, "median60d_apr": 0.0134, "frac_of_median": -67.853, "gate_frac": 0.4, "model": "sharpe_f
  [PASS] TW4_depth_rewalk: {"worst_slip_bps": 2.1, "gate_slip_bps": 25.0, "size_usd": 250, "walks": {"bingx_short": {"entry_slip_bps": 1.
  [PASS] TW5_floor_monitor: {"venues": {"bingx": {"note": "no native funding-param endpoint (rate/interval watched via TW2)"}, "okx": {"no
  [PASS] TW6_counterparty: {"bingx": {"cap_usd": 5000.0, "exposure_now_usd": 250.0, "projected_usd": 500.0, "tier": 2}, "okx": {"cap_usd"
  [FAIL] CHAIN: {"tripwires": {"TW1_identity": "pass", "TW2_persistence": "pass", "TW3_live_spread": "fail", "TW4_depth_rewalk
nado perp symbols: 82

== ENTRY CHECK LINK nado->okx $250/leg seq=sm_lt
nado perp symbols: 82
  [PASS] TW1_identity: {"mid_short": 11.42, "mid_long": 11.4185, "dev_pct": 0.013, "margining": ["linear_usdc", "linear_usdt"], "gate
  [FAIL] TW2_persistence: {"pos_day_frac": 0.932, "model": "sharpe_ffill", "gate_pos_frac": 0.95, "intervals": {"nado": {"live_interval_
  [PASS] TW3_live_spread: {"live_apr": 0.1346, "median60d_apr": 0.0332, "frac_of_median": 4.056, "gate_frac": 0.4, "model": "sharpe_ffil
  [PASS] TW4_depth_rewalk: {"worst_slip_bps": 1.3, "gate_slip_bps": 25.0, "size_usd": 250, "walks": {"nado_short": {"entry_slip_bps": 0.4
  [PASS] TW5_floor_monitor: {"venues": {"nado": {"note": "no native funding-param endpoint (rate/interval watched via TW2)"}, "okx": {"not
  [PASS] TW6_counterparty: {"nado": {"cap_usd": 5000.0, "exposure_now_usd": 0, "projected_usd": 250, "tier": 2}, "okx": {"cap_usd": 20000
  [FAIL] CHAIN: {"tripwires": {"TW1_identity": "pass", "TW2_persistence": "fail", "TW3_live_spread": "pass", "TW4_depth_rewalk
nado perp symbols: 82

[tick done 16.6s active=0]

===== tick 6 2026-09-14T03:11:23Z =====
nado perp symbols: 82
  XMR dydx->binance: venue frozen ['binance'], skip
  BTW aster->bitget: venue frozen ['aster'], skip
  UAI aster->binance: venue frozen ['aster', 'binance'], skip

== ENTRY CHECK INJ bingx->okx $250/leg seq=tt
nado perp symbols: 82
  [PASS] TW1_identity: {"mid_short": 6.1345, "mid_long": 6.1345, "dev_pct": 0.0, "margining": ["linear_usdt", "linear_usdt"], "gate_m
  [PASS] TW2_persistence: {"pos_day_frac": 0.9553, "model": "sharpe_ffill", "gate_pos_frac": 0.95, "intervals": {"bingx": {"live_interva
  [FAIL] TW3_live_spread: {"live_apr": -0.9067, "median60d_apr": 0.0134, "frac_of_median": -67.853, "gate_frac": 0.4, "model": "sharpe_f
  [FAIL] TW4_depth_rewalk: {"worst_slip_bps": 2.4, "gate_slip_bps": 25.0, "size_usd": 250, "walks": {"bingx_short": {"entry_slip_bps": 2.
  [PASS] TW5_floor_monitor: {"venues": {"bingx": {"note": "no native funding-param endpoint (rate/interval watched via TW2)"}, "okx": {"no
  [PASS] TW6_counterparty: {"bingx": {"cap_usd": 5000.0, "exposure_now_usd": 250.0, "projected_usd": 500.0, "tier": 2}, "okx": {"cap_usd"
  [FAIL] CHAIN: {"tripwires": {"TW1_identity": "pass", "TW2_persistence": "pass", "TW3_live_spread": "fail", "TW4_depth_rewalk
nado perp symbols: 82

== ENTRY CHECK LINK nado->okx $250/leg seq=sm_lt
nado perp symbols: 82
  [PASS] TW1_identity: {"mid_short": 11.4215, "mid_long": 11.4195, "dev_pct": 0.018, "margining": ["linear_usdc", "linear_usdt"], "ga
  [FAIL] TW2_persistence: {"pos_day_frac": 0.932, "model": "sharpe_ffill", "gate_pos_frac": 0.95, "intervals": {"nado": {"live_interval_
  [PASS] TW3_live_spread: {"live_apr": 0.1338, "median60d_apr": 0.0332, "frac_of_median": 4.035, "gate_frac": 0.4, "model": "sharpe_ffil
  [PASS] TW4_depth_rewalk: {"worst_slip_bps": 0.9, "gate_slip_bps": 25.0, "size_usd": 250, "walks": {"nado_short": {"entry_slip_bps": 0.8
  [PASS] TW5_floor_monitor: {"venues": {"nado": {"note": "no native funding-param endpoint (rate/interval watched via TW2)"}, "okx": {"not
  [PASS] TW6_counterparty: {"nado": {"cap_usd": 5000.0, "exposure_now_usd": 0, "projected_usd": 250, "tier": 2}, "okx": {"cap_usd": 20000
  [FAIL] CHAIN: {"tripwires": {"TW1_identity": "pass", "TW2_persistence": "fail", "TW3_live_spread": "pass", "TW4_depth_rewalk
nado perp symbols: 82

[tick done 17.2s active=0]

===== tick 7 2026-09-14T03:12:01Z =====
nado perp symbols: 82
  book binance/UAI: ERR binance UAI: {'code': -1003, 'msg': 'Way too many requests; IP(8.212.10.159) ban
  book binance/XMR: ERR binance XMR: {'code': -1003, 'msg': 'Way too many requests; IP(8.212.10.159) ban
  XMR dydx->binance: venue frozen ['binance'], skip
  BTW aster->bitget: venue frozen ['aster'], skip
  UAI aster->binance: venue frozen ['aster', 'binance'], skip

== ENTRY CHECK INJ bingx->okx $250/leg seq=tt
nado perp symbols: 82
  [PASS] TW1_identity: {"mid_short": 6.1345, "mid_long": 6.1345, "dev_pct": 0.0, "margining": ["linear_usdt", "linear_usdt"], "gate_m
  [PASS] TW2_persistence: {"pos_day_frac": 0.9553, "model": "sharpe_ffill", "gate_pos_frac": 0.95, "intervals": {"bingx": {"live_interva
  [FAIL] TW3_live_spread: {"live_apr": -0.8015, "median60d_apr": 0.0134, "frac_of_median": -59.986, "gate_frac": 0.4, "model": "sharpe_f
  [FAIL] TW4_depth_rewalk: {"worst_slip_bps": 2.4, "gate_slip_bps": 25.0, "size_usd": 250, "walks": {"bingx_short": {"entry_slip_bps": 2.
  [PASS] TW5_floor_monitor: {"venues": {"bingx": {"note": "no native funding-param endpoint (rate/interval watched via TW2)"}, "okx": {"no
  [PASS] TW6_counterparty: {"bingx": {"cap_usd": 5000.0, "exposure_now_usd": 250.0, "projected_usd": 500.0, "tier": 2}, "okx": {"cap_usd"
  [FAIL] CHAIN: {"tripwires": {"TW1_identity": "pass", "TW2_persistence": "pass", "TW3_live_spread": "fail", "TW4_depth_rewalk
nado perp symbols: 82

== ENTRY CHECK LINK nado->okx $250/leg seq=sm_lt
nado perp symbols: 82
  [PASS] TW1_identity: {"mid_short": 11.423, "mid_long": 11.4215, "dev_pct": 0.013, "margining": ["linear_usdc", "linear_usdt"], "gat
  [FAIL] TW2_persistence: {"pos_day_frac": 0.932, "model": "sharpe_ffill", "gate_pos_frac": 0.95, "intervals": {"nado": {"live_interval_
  [PASS] TW3_live_spread: {"live_apr": 0.1334, "median60d_apr": 0.0332, "frac_of_median": 4.021, "gate_frac": 0.4, "model": "sharpe_ffil
  [PASS] TW4_depth_rewalk: {"worst_slip_bps": 1.3, "gate_slip_bps": 25.0, "size_usd": 250, "walks": {"nado_short": {"entry_slip_bps": 1.3
  [PASS] TW5_floor_monitor: {"venues": {"nado": {"note": "no native funding-param endpoint (rate/interval watched via TW2)"}, "okx": {"not
  [PASS] TW6_counterparty: {"nado": {"cap_usd": 5000.0, "exposure_now_usd": 0, "projected_usd": 250, "tier": 2}, "okx": {"cap_usd": 20000
  [FAIL] CHAIN: {"tripwires": {"TW1_identity": "pass", "TW2_persistence": "fail", "TW3_live_spread": "pass", "TW4_depth_rewalk
nado perp symbols: 82

[tick done 17.7s active=0]

===== tick 8 2026-09-14T03:12:38Z =====
nado perp symbols: 82
  XMR dydx->binance: venue frozen ['binance'], skip
  BTW aster->bitget: venue frozen ['aster'], skip
  UAI aster->binance: venue frozen ['aster', 'binance'], skip

== ENTRY CHECK INJ bingx->okx $250/leg seq=tt
nado perp symbols: 82
  [PASS] TW1_identity: {"mid_short": 6.1345, "mid_long": 6.1345, "dev_pct": 0.0, "margining": ["linear_usdt", "linear_usdt"], "gate_m
  [PASS] TW2_persistence: {"pos_day_frac": 0.9553, "model": "sharpe_ffill", "gate_pos_frac": 0.95, "intervals": {"bingx": {"live_interva
  [FAIL] TW3_live_spread: {"live_apr": -0.8015, "median60d_apr": 0.0134, "frac_of_median": -59.986, "gate_frac": 0.4, "model": "sharpe_f
  [FAIL] TW4_depth_rewalk: {"worst_slip_bps": 2.4, "gate_slip_bps": 25.0, "size_usd": 250, "walks": {"bingx_short": {"entry_slip_bps": 2.
  [PASS] TW5_floor_monitor: {"venues": {"bingx": {"note": "no native funding-param endpoint (rate/interval watched via TW2)"}, "okx": {"no
  [PASS] TW6_counterparty: {"bingx": {"cap_usd": 5000.0, "exposure_now_usd": 250.0, "projected_usd": 500.0, "tier": 2}, "okx": {"cap_usd"
  [FAIL] CHAIN: {"tripwires": {"TW1_identity": "pass", "TW2_persistence": "pass", "TW3_live_spread": "fail", "TW4_depth_rewalk
nado perp symbols: 82

== ENTRY CHECK LINK nado->okx $250/leg seq=sm_lt
nado perp symbols: 82
  [PASS] TW1_identity: {"mid_short": 11.4205, "mid_long": 11.4195, "dev_pct": 0.009, "margining": ["linear_usdc", "linear_usdt"], "ga
  [FAIL] TW2_persistence: {"pos_day_frac": 0.932, "model": "sharpe_ffill", "gate_pos_frac": 0.95, "intervals": {"nado": {"live_interval_
  [PASS] TW3_live_spread: {"live_apr": 0.0784, "median60d_apr": 0.0332, "frac_of_median": 2.364, "gate_frac": 0.4, "model": "sharpe_ffil
  [PASS] TW4_depth_rewalk: {"worst_slip_bps": 0.9, "gate_slip_bps": 25.0, "size_usd": 250, "walks": {"nado_short": {"entry_slip_bps": 0.8
  [PASS] TW5_floor_monitor: {"venues": {"nado": {"note": "no native funding-param endpoint (rate/interval watched via TW2)"}, "okx": {"not
  [PASS] TW6_counterparty: {"nado": {"cap_usd": 5000.0, "exposure_now_usd": 0, "projected_usd": 250, "tier": 2}, "okx": {"cap_usd": 20000
  [FAIL] CHAIN: {"tripwires": {"TW1_identity": "pass", "TW2_persistence": "fail", "TW3_live_spread": "pass", "TW4_depth_rewalk
nado perp symbols: 82

[tick done 17.1s active=0]

===== tick 9 2026-09-14T03:13:15Z =====
nado perp symbols: 82
  book binance/UAI: ERR binance UAI: {'code': -1003, 'msg': 'Way too many requests; IP(8.212.10.159) ban
  XMR dydx->binance: venue frozen ['binance'], skip
  BTW aster->bitget: venue frozen ['aster'], skip
  UAI aster->binance: venue frozen ['aster', 'binance'], skip

== ENTRY CHECK INJ bingx->okx $250/leg seq=tt
nado perp symbols: 82
  [PASS] TW1_identity: {"mid_short": 6.1385, "mid_long": 6.1375, "dev_pct": 0.016, "margining": ["linear_usdt", "linear_usdt"], "gate
  [PASS] TW2_persistence: {"pos_day_frac": 0.9553, "model": "sharpe_ffill", "gate_pos_frac": 0.95, "intervals": {"bingx": {"live_interva
  [FAIL] TW3_live_spread: {"live_apr": -0.8015, "median60d_apr": 0.0134, "frac_of_median": -59.986, "gate_frac": 0.4, "model": "sharpe_f
  [PASS] TW4_depth_rewalk: {"worst_slip_bps": 1.6, "gate_slip_bps": 25.0, "size_usd": 250, "walks": {"bingx_short": {"entry_slip_bps": 1.
  [PASS] TW5_floor_monitor: {"venues": {"bingx": {"note": "no native funding-param endpoint (rate/interval watched via TW2)"}, "okx": {"no
  [PASS] TW6_counterparty: {"bingx": {"cap_usd": 5000.0, "exposure_now_usd": 250.0, "projected_usd": 500.0, "tier": 2}, "okx": {"cap_usd"
  [FAIL] CHAIN: {"tripwires": {"TW1_identity": "pass", "TW2_persistence": "pass", "TW3_live_spread": "fail", "TW4_depth_rewalk
nado perp symbols: 82

== ENTRY CHECK LINK nado->okx $250/leg seq=sm_lt
nado perp symbols: 82
  [PASS] TW1_identity: {"mid_short": 11.4245, "mid_long": 11.4235, "dev_pct": 0.009, "margining": ["linear_usdc", "linear_usdt"], "ga
  [FAIL] TW2_persistence: {"pos_day_frac": 0.932, "model": "sharpe_ffill", "gate_pos_frac": 0.95, "intervals": {"nado": {"live_interval_
  [PASS] TW3_live_spread: {"live_apr": 0.0786, "median60d_apr": 0.0332, "frac_of_median": 2.37, "gate_frac": 0.4, "model": "sharpe_ffill
  [PASS] TW4_depth_rewalk: {"worst_slip_bps": 0.9, "gate_slip_bps": 25.0, "size_usd": 250, "walks": {"nado_short": {"entry_slip_bps": 0.8
  [PASS] TW5_floor_monitor: {"venues": {"nado": {"note": "no native funding-param endpoint (rate/interval watched via TW2)"}, "okx": {"not
  [PASS] TW6_counterparty: {"nado": {"cap_usd": 5000.0, "exposure_now_usd": 0, "projected_usd": 250, "tier": 2}, "okx": {"cap_usd": 20000
  [FAIL] CHAIN: {"tripwires": {"TW1_identity": "pass", "TW2_persistence": "fail", "TW3_live_spread": "pass", "TW4_depth_rewalk
nado perp symbols: 82

[tick done 16.9s active=0]

===== tick 10 2026-09-14T03:13:52Z =====
nado perp symbols: 82
  XMR dydx->binance: venue frozen ['binance'], skip
  BTW aster->bitget: venue frozen ['aster'], skip
  UAI aster->binance: venue frozen ['aster', 'binance'], skip

== ENTRY CHECK INJ bingx->okx $250/leg seq=tt
nado perp symbols: 82
  [PASS] TW1_identity: {"mid_short": 6.1405, "mid_long": 6.1415, "dev_pct": 0.016, "margining": ["linear_usdt", "linear_usdt"], "gate
  [PASS] TW2_persistence: {"pos_day_frac": 0.9553, "model": "sharpe_ffill", "gate_pos_frac": 0.95, "intervals": {"bingx": {"live_interva
  [FAIL] TW3_live_spread: {"live_apr": -0.8015, "median60d_apr": 0.0134, "frac_of_median": -59.986, "gate_frac": 0.4, "model": "sharpe_f
  [PASS] TW4_depth_rewalk: {"worst_slip_bps": 2.9, "gate_slip_bps": 25.0, "size_usd": 250, "walks": {"bingx_short": {"entry_slip_bps": 1.
  [PASS] TW5_floor_monitor: {"venues": {"bingx": {"note": "no native funding-param endpoint (rate/interval watched via TW2)"}, "okx": {"no
  [PASS] TW6_counterparty: {"bingx": {"cap_usd": 5000.0, "exposure_now_usd": 250.0, "projected_usd": 500.0, "tier": 2}, "okx": {"cap_usd"
  [FAIL] CHAIN: {"tripwires": {"TW1_identity": "pass", "TW2_persistence": "pass", "TW3_live_spread": "fail", "TW4_depth_rewalk
nado perp symbols: 82

== ENTRY CHECK LINK nado->okx $250/leg seq=sm_lt
nado perp symbols: 82
  [PASS] TW1_identity: {"mid_short": 11.4315, "mid_long": 11.4315, "dev_pct": 0.0, "margining": ["linear_usdc", "linear_usdt"], "gate
  [FAIL] TW2_persistence: {"pos_day_frac": 0.932, "model": "sharpe_ffill", "gate_pos_frac": 0.95, "intervals": {"nado": {"live_interval_
  [PASS] TW3_live_spread: {"live_apr": 0.0786, "median60d_apr": 0.0332, "frac_of_median": 2.37, "gate_frac": 0.4, "model": "sharpe_ffill
  [PASS] TW4_depth_rewalk: {"worst_slip_bps": 0.5, "gate_slip_bps": 25.0, "size_usd": 250, "walks": {"nado_short": {"entry_slip_bps": 0.4
  [PASS] TW5_floor_monitor: {"venues": {"nado": {"note": "no native funding-param endpoint (rate/interval watched via TW2)"}, "okx": {"not
  [PASS] TW6_counterparty: {"nado": {"cap_usd": 5000.0, "exposure_now_usd": 0, "projected_usd": 250, "tier": 2}, "okx": {"cap_usd": 20000
  [FAIL] CHAIN: {"tripwires": {"TW1_identity": "pass", "TW2_persistence": "fail", "TW3_live_spread": "pass", "TW4_depth_rewalk
nado perp symbols: 82

[tick done 17.1s active=0]

===== tick 11 2026-09-14T03:14:29Z =====
nado perp symbols: 82
  XMR dydx->binance: venue frozen ['binance'], skip
  BTW aster->bitget: venue frozen ['aster'], skip
  UAI aster->binance: venue frozen ['aster', 'binance'], skip

== ENTRY CHECK INJ bingx->okx $250/leg seq=tt
nado perp symbols: 82
  [PASS] TW1_identity: {"mid_short": 6.142, "mid_long": 6.1425, "dev_pct": 0.008, "margining": ["linear_usdt", "linear_usdt"], "gate_
  [PASS] TW2_persistence: {"pos_day_frac": 0.9553, "model": "sharpe_ffill", "gate_pos_frac": 0.95, "intervals": {"bingx": {"live_interva
  [FAIL] TW3_live_spread: {"live_apr": -0.8015, "median60d_apr": 0.0134, "frac_of_median": -59.986, "gate_frac": 0.4, "model": "sharpe_f
  [PASS] TW4_depth_rewalk: {"worst_slip_bps": 1.6, "gate_slip_bps": 25.0, "size_usd": 250, "walks": {"bingx_short": {"entry_slip_bps": 1.
  [PASS] TW5_floor_monitor: {"venues": {"bingx": {"note": "no native funding-param endpoint (rate/interval watched via TW2)"}, "okx": {"no
  [PASS] TW6_counterparty: {"bingx": {"cap_usd": 5000.0, "exposure_now_usd": 250.0, "projected_usd": 500.0, "tier": 2}, "okx": {"cap_usd"
  [FAIL] CHAIN: {"tripwires": {"TW1_identity": "pass", "TW2_persistence": "pass", "TW3_live_spread": "fail", "TW4_depth_rewalk
nado perp symbols: 82

== ENTRY CHECK LINK nado->okx $250/leg seq=sm_lt
nado perp symbols: 82
  [PASS] TW1_identity: {"mid_short": 11.4265, "mid_long": 11.4245, "dev_pct": 0.018, "margining": ["linear_usdc", "linear_usdt"], "ga
  [FAIL] TW2_persistence: {"pos_day_frac": 0.932, "model": "sharpe_ffill", "gate_pos_frac": 0.95, "intervals": {"nado": {"live_interval_
  [PASS] TW3_live_spread: {"live_apr": 0.0773, "median60d_apr": 0.0332, "frac_of_median": 2.332, "gate_frac": 0.4, "model": "sharpe_ffil
  [PASS] TW4_depth_rewalk: {"worst_slip_bps": 1.3, "gate_slip_bps": 25.0, "size_usd": 250, "walks": {"nado_short": {"entry_slip_bps": 0.8
  [PASS] TW5_floor_monitor: {"venues": {"nado": {"note": "no native funding-param endpoint (rate/interval watched via TW2)"}, "okx": {"not
  [PASS] TW6_counterparty: {"nado": {"cap_usd": 5000.0, "exposure_now_usd": 0, "projected_usd": 250, "tier": 2}, "okx": {"cap_usd": 20000
  [FAIL] CHAIN: {"tripwires": {"TW1_identity": "pass", "TW2_persistence": "fail", "TW3_live_spread": "pass", "TW4_depth_rewalk
nado perp symbols: 82

[tick done 17.9s active=0]

===== tick 12 2026-09-14T03:15:07Z =====
nado perp symbols: 82
  XMR dydx->binance: venue frozen ['binance'], skip
  BTW aster->bitget: venue frozen ['aster'], skip
  UAI aster->binance: venue frozen ['aster', 'binance'], skip

== ENTRY CHECK INJ bingx->okx $250/leg seq=tt
nado perp symbols: 82
  [PASS] TW1_identity: {"mid_short": 6.142, "mid_long": 6.1435, "dev_pct": 0.024, "margining": ["linear_usdt", "linear_usdt"], "gate_
  [PASS] TW2_persistence: {"pos_day_frac": 0.9553, "model": "sharpe_ffill", "gate_pos_frac": 0.95, "intervals": {"bingx": {"live_interva
  [FAIL] TW3_live_spread: {"live_apr": -0.8015, "median60d_apr": 0.0134, "frac_of_median": -59.986, "gate_frac": 0.4, "model": "sharpe_f
  [PASS] TW4_depth_rewalk: {"worst_slip_bps": 1.3, "gate_slip_bps": 25.0, "size_usd": 250, "walks": {"bingx_short": {"entry_slip_bps": 0.
  [PASS] TW5_floor_monitor: {"venues": {"bingx": {"note": "no native funding-param endpoint (rate/interval watched via TW2)"}, "okx": {"no
  [PASS] TW6_counterparty: {"bingx": {"cap_usd": 5000.0, "exposure_now_usd": 250.0, "projected_usd": 500.0, "tier": 2}, "okx": {"cap_usd"
  [FAIL] CHAIN: {"tripwires": {"TW1_identity": "pass", "TW2_persistence": "pass", "TW3_live_spread": "fail", "TW4_depth_rewalk
nado perp symbols: 82

== ENTRY CHECK LINK nado->okx $250/leg seq=sm_lt
nado perp symbols: 82
  [PASS] TW1_identity: {"mid_short": 11.43, "mid_long": 11.4275, "dev_pct": 0.022, "margining": ["linear_usdc", "linear_usdt"], "gate
  [FAIL] TW2_persistence: {"pos_day_frac": 0.932, "model": "sharpe_ffill", "gate_pos_frac": 0.95, "intervals": {"nado": {"live_interval_
  [PASS] TW3_live_spread: {"live_apr": 0.0761, "median60d_apr": 0.0332, "frac_of_median": 2.295, "gate_frac": 0.4, "model": "sharpe_ffil
  [PASS] TW4_depth_rewalk: {"worst_slip_bps": 0.4, "gate_slip_bps": 25.0, "size_usd": 250, "walks": {"nado_short": {"entry_slip_bps": 0.4
  [PASS] TW5_floor_monitor: {"venues": {"nado": {"note": "no native funding-param endpoint (rate/interval watched via TW2)"}, "okx": {"not
  [PASS] TW6_counterparty: {"nado": {"cap_usd": 5000.0, "exposure_now_usd": 0, "projected_usd": 250, "tier": 2}, "okx": {"cap_usd": 20000
  [FAIL] CHAIN: {"tripwires": {"TW1_identity": "pass", "TW2_persistence": "fail", "TW3_live_spread": "pass", "TW4_depth_rewalk
nado perp symbols: 82

[tick done 17.8s active=0]

===== tick 13 2026-09-14T03:15:45Z =====
nado perp symbols: 82
  XMR dydx->binance: venue frozen ['binance'], skip
  BTW aster->bitget: venue frozen ['aster'], skip
  UAI aster->binance: venue frozen ['aster', 'binance'], skip

== ENTRY CHECK INJ bingx->okx $250/leg seq=tt
nado perp symbols: 82
  [PASS] TW1_identity: {"mid_short": 6.1435, "mid_long": 6.1445, "dev_pct": 0.016, "margining": ["linear_usdt", "linear_usdt"], "gate
  [PASS] TW2_persistence: {"pos_day_frac": 0.9553, "model": "sharpe_ffill", "gate_pos_frac": 0.95, "intervals": {"bingx": {"live_interva
  [FAIL] TW3_live_spread: {"live_apr": -0.8015, "median60d_apr": 0.0134, "frac_of_median": -59.986, "gate_frac": 0.4, "model": "sharpe_f
  [PASS] TW4_depth_rewalk: {"worst_slip_bps": 1.8, "gate_slip_bps": 25.0, "size_usd": 250, "walks": {"bingx_short": {"entry_slip_bps": 0.
  [PASS] TW5_floor_monitor: {"venues": {"bingx": {"note": "no native funding-param endpoint (rate/interval watched via TW2)"}, "okx": {"no
  [PASS] TW6_counterparty: {"bingx": {"cap_usd": 5000.0, "exposure_now_usd": 250.0, "projected_usd": 500.0, "tier": 2}, "okx": {"cap_usd"
  [FAIL] CHAIN: {"tripwires": {"TW1_identity": "pass", "TW2_persistence": "pass", "TW3_live_spread": "fail", "TW4_depth_rewalk
nado perp symbols: 82

== ENTRY CHECK LINK nado->okx $250/leg seq=sm_lt
nado perp symbols: 82
  [PASS] TW1_identity: {"mid_short": 11.424, "mid_long": 11.4225, "dev_pct": 0.013, "margining": ["linear_usdc", "linear_usdt"], "gat
  [FAIL] TW2_persistence: {"pos_day_frac": 0.932, "model": "sharpe_ffill", "gate_pos_frac": 0.95, "intervals": {"nado": {"live_interval_
  [PASS] TW3_live_spread: {"live_apr": 0.0761, "median60d_apr": 0.0332, "frac_of_median": 2.295, "gate_frac": 0.4, "model": "sharpe_ffil
  [PASS] TW4_depth_rewalk: {"worst_slip_bps": 0.4, "gate_slip_bps": 25.0, "size_usd": 250, "walks": {"nado_short": {"entry_slip_bps": 0.4
  [PASS] TW5_floor_monitor: {"venues": {"nado": {"note": "no native funding-param endpoint (rate/interval watched via TW2)"}, "okx": {"not
  [PASS] TW6_counterparty: {"nado": {"cap_usd": 5000.0, "exposure_now_usd": 0, "projected_usd": 250, "tier": 2}, "okx": {"cap_usd": 20000
  [FAIL] CHAIN: {"tripwires": {"TW1_identity": "pass", "TW2_persistence": "fail", "TW3_live_spread": "pass", "TW4_depth_rewalk
nado perp symbols: 82

[tick done 18.0s active=0]

===== run window ended =====
engine heartbeat: 2026-09-14T03:16:03Z

positions:
  #1 INJ bingx->okx         closed     stage=init               entry=0.131% open=2026-09-03T10:26:23Z close=2026-09-08T09:57:55Z
  #2 UAI aster->binance     closed     stage=long_taker         entry=0.082% open=2026-09-03T21:03:29Z close=2026-09-08T10:02:23Z
  #3 INJ bingx->okx         closed     stage=init               entry=0.139% open=2026-09-08T09:58:20Z close=2026-09-08T10:09:37Z
  #4 UAI aster->binance     closed     stage=long_taker         entry=0.082% open=2026-09-08T10:02:49Z close=2026-09-14T03:08:57Z

resting orders:

recent fills:
  2026-09-14T03:08:57Z UAI aster->binance   long /binance  sell taker qty=768.846 px=0.52026 slip=2.69 fee=5.0
  2026-09-14T03:08:57Z UAI aster->binance   short/aster    buy  taker qty=767.757 px=0.520998 slip=5.72 fee=4.0
  2026-09-08T10:09:37Z INJ bingx->okx       long /okx      sell taker qty=39.6825 px=6.3 slip=0.79 fee=5.0
  2026-09-08T10:09:37Z INJ bingx->okx       short/bingx    buy  taker qty=39.6699 px=6.302 slip=1.59 fee=5.0
  2026-09-08T10:04:52Z UAI aster->binance   long /binance  buy  taker qty=550.331 px=0.726836 slip=3.24 fee=5.0
  2026-09-08T10:04:52Z UAI aster->binance   short/aster    sell maker qty=550.964 px=0.726 slip=0.0 fee=0.0
  2026-09-08T10:02:23Z UAI aster->binance   short/aster    buy  maker qty=549.677 px=0.7277 slip=0.0 fee=0.0
  2026-09-08T09:58:20Z INJ bingx->okx       long /okx      buy  taker qty=39.4697 px=6.33397 slip=2.33 fee=5.0
  2026-09-08T09:58:20Z INJ bingx->okx       short/bingx    sell taker qty=39.4633 px=6.335 slip=1.58 fee=5.0
  2026-09-08T09:57:55Z UAI aster->binance   long /binance  sell taker qty=550.399 px=0.726745 slip=2.13 fee=5.0
  2026-09-08T09:57:55Z INJ bingx->okx       long /okx      sell taker qty=39.482 px=6.332 slip=0.79 fee=5.0
  2026-09-08T09:57:55Z INJ bingx->okx       short/bingx    buy  taker qty=39.4508 px=6.337 slip=1.58 fee=5.0
