
===== tick 1 2026-09-14T04:05:18Z =====
nado perp symbols: 82

== ENTRY CHECK XMR dydx->binance $400/leg seq=sm_lt
nado perp symbols: 82
  [PASS] TW1_identity: {"mid_short": 527.02, "mid_long": 526.445, "dev_pct": 0.109, "margining": ["linear_usd", "linear_usdt"], "gate
  [PASS] TW2_persistence: {"pos_day_frac": 0.9767, "model": "native_event", "gate_pos_frac": 0.95, "intervals": {"dydx": {"live_interval
  [FAIL] TW3_live_spread: {"live_apr": -0.1095, "median60d_apr": 0.3384, "frac_of_median": -0.324, "gate_frac": 0.4, "model": "sharpe_ff
  [FAIL] TW4_depth_rewalk: {"worst_slip_bps": 29.7, "gate_slip_bps": 25.0, "size_usd": 400, "walks": {"dydx_short": {"entry_slip_bps": 29
  [PASS] TW5_floor_monitor: {"venues": {"binance": {"params": {"cap": null, "floor": null, "fundingIntervalHours": 8}, "unchanged": true},
  [PASS] TW6_counterparty: {"binance": {"cap_usd": 20000.0, "exposure_now_usd": 400.0, "projected_usd": 800.0, "tier": 1}, "dydx": {"cap_
  [FAIL] CHAIN: {"tripwires": {"TW1_identity": "pass", "TW2_persistence": "pass", "TW3_live_spread": "fail", "TW4_depth_rewalk
nado perp symbols: 82

== ENTRY CHECK BTW aster->bitget $400/leg seq=sm_lt
nado perp symbols: 82
  [PASS] TW1_identity: {"mid_short": 0.72308, "mid_long": 0.722752, "dev_pct": 0.045, "margining": ["linear_usdt", "linear_usdt"], "g
  [FAIL] TW2_persistence: {"pos_day_frac": 0.9667, "model": "native_event", "gate_pos_frac": 0.95, "intervals": {"aster": {"live_interva
  [PASS] TW3_live_spread: {"live_apr": 0.7161, "median60d_apr": 0.6496, "frac_of_median": 1.102, "gate_frac": 0.4, "model": "sharpe_ffil
  [PASS] TW4_depth_rewalk: {"worst_slip_bps": 11.4, "gate_slip_bps": 25.0, "size_usd": 400, "walks": {"aster_short": {"entry_slip_bps": 7
  [FAIL] TW5_floor_monitor: {"venues": {"bitget": {"note": "no native funding-param endpoint (rate/interval watched via TW2)"}, "aster": {
  [PASS] TW6_counterparty: {"bitget": {"cap_usd": 20000.0, "exposure_now_usd": 0, "projected_usd": 400, "tier": 1}, "aster": {"cap_usd": 
  [FAIL] CHAIN: {"tripwires": {"TW1_identity": "pass", "TW2_persistence": "fail", "TW3_live_spread": "pass", "TW4_depth_rewalk
nado perp symbols: 82
  UAI aster->binance: venue frozen ['aster'], skip

== ENTRY CHECK INJ bingx->okx $250/leg seq=tt
nado perp symbols: 82
  [PASS] TW1_identity: {"mid_short": 6.1765, "mid_long": 6.1765, "dev_pct": 0.0, "margining": ["linear_usdt", "linear_usdt"], "gate_m
  [PASS] TW2_persistence: {"pos_day_frac": 0.9553, "model": "sharpe_ffill", "gate_pos_frac": 0.95, "intervals": {"bingx": {"live_interva
  [FAIL] TW3_live_spread: {"live_apr": -0.5387, "median60d_apr": 0.0134, "frac_of_median": -40.319, "gate_frac": 0.4, "model": "sharpe_f
  [PASS] TW4_depth_rewalk: {"worst_slip_bps": 3.2, "gate_slip_bps": 25.0, "size_usd": 250, "walks": {"bingx_short": {"entry_slip_bps": 0.
  [PASS] TW5_floor_monitor: {"venues": {"bingx": {"note": "no native funding-param endpoint (rate/interval watched via TW2)"}, "okx": {"no
  [PASS] TW6_counterparty: {"bingx": {"cap_usd": 5000.0, "exposure_now_usd": 250.0, "projected_usd": 500.0, "tier": 2}, "okx": {"cap_usd"
  [FAIL] CHAIN: {"tripwires": {"TW1_identity": "pass", "TW2_persistence": "pass", "TW3_live_spread": "fail", "TW4_depth_rewalk
nado perp symbols: 82

== ENTRY CHECK LINK nado->okx $250/leg seq=sm_lt
nado perp symbols: 82
  [PASS] TW1_identity: {"mid_short": 11.3745, "mid_long": 11.3715, "dev_pct": 0.026, "margining": ["linear_usdc", "linear_usdt"], "ga
  [FAIL] TW2_persistence: {"pos_day_frac": 0.932, "model": "sharpe_ffill", "gate_pos_frac": 0.95, "intervals": {"nado": {"live_interval_
  [PASS] TW3_live_spread: {"live_apr": 0.1087, "median60d_apr": 0.0332, "frac_of_median": 3.277, "gate_frac": 0.4, "model": "sharpe_ffil
  [PASS] TW4_depth_rewalk: {"worst_slip_bps": 0.9, "gate_slip_bps": 25.0, "size_usd": 250, "walks": {"nado_short": {"entry_slip_bps": 0.8
  [PASS] TW5_floor_monitor: {"venues": {"nado": {"note": "no native funding-param endpoint (rate/interval watched via TW2)"}, "okx": {"not
  [PASS] TW6_counterparty: {"nado": {"cap_usd": 5000.0, "exposure_now_usd": 0, "projected_usd": 250, "tier": 2}, "okx": {"cap_usd": 20000
  [FAIL] CHAIN: {"tripwires": {"TW1_identity": "pass", "TW2_persistence": "fail", "TW3_live_spread": "pass", "TW4_depth_rewalk
nado perp symbols: 82

[tick done 36.4s active=0]

===== tick 2 2026-09-14T04:06:14Z =====
nado perp symbols: 82
  book binance/UAI: ERR binance UAI: {'code': -1003, 'msg': 'Way too many requests; IP(8.212.10.159) ban
  book binance/XMR: ERR binance XMR: {'code': -1003, 'msg': 'Way too many requests; IP(8.212.10.159) ban

== ENTRY CHECK XMR dydx->binance $400/leg seq=sm_lt
nado perp symbols: 82
  [FAIL] TW1_identity: {"error": "RuntimeError(\"binance XMR: {'code': -1003, 'msg': 'Way too many requests; IP(8.212.10.159) banned 
  [PASS] TW2_persistence: {"pos_day_frac": 0.9767, "model": "native_event", "gate_pos_frac": 0.95, "intervals": {"dydx": {"live_interval
  [FAIL] TW3_live_spread: {"live_apr": -0.1095, "median60d_apr": 0.3384, "frac_of_median": -0.324, "gate_frac": 0.4, "model": "sharpe_ff
  [FAIL] TW4_depth_rewalk: {"error": "RuntimeError(\"binance XMR: {'code': -1003, 'msg': 'Way too many requests; IP(8.212.10.159) banned 
  [PASS] TW5_floor_monitor: {"venues": {"binance": {"params": {"cap": null, "floor": null, "fundingIntervalHours": 8}, "unchanged": true},
  [PASS] TW6_counterparty: {"binance": {"cap_usd": 20000.0, "exposure_now_usd": 400.0, "projected_usd": 800.0, "tier": 1}, "dydx": {"cap_
  [FAIL_HARD] CHAIN: {"tripwires": {"TW1_identity": "fail", "TW2_persistence": "pass", "TW3_live_spread": "fail", "TW4_depth_rewalk
nado perp symbols: 82
  BTW aster->bitget: venue frozen ['aster', 'bitget'], skip
  UAI aster->binance: venue frozen ['aster'], skip

== ENTRY CHECK INJ bingx->okx $250/leg seq=tt
nado perp symbols: 82
  [PASS] TW1_identity: {"mid_short": 6.1755, "mid_long": 6.1765, "dev_pct": 0.016, "margining": ["linear_usdt", "linear_usdt"], "gate
  [PASS] TW2_persistence: {"pos_day_frac": 0.9553, "model": "sharpe_ffill", "gate_pos_frac": 0.95, "intervals": {"bingx": {"live_interva
  [FAIL] TW3_live_spread: {"live_apr": -0.5387, "median60d_apr": 0.0134, "frac_of_median": -40.319, "gate_frac": 0.4, "model": "sharpe_f
  [PASS] TW4_depth_rewalk: {"worst_slip_bps": 0.8, "gate_slip_bps": 25.0, "size_usd": 250, "walks": {"bingx_short": {"entry_slip_bps": 0.
  [PASS] TW5_floor_monitor: {"venues": {"bingx": {"note": "no native funding-param endpoint (rate/interval watched via TW2)"}, "okx": {"no
  [PASS] TW6_counterparty: {"bingx": {"cap_usd": 5000.0, "exposure_now_usd": 250.0, "projected_usd": 500.0, "tier": 2}, "okx": {"cap_usd"
  [FAIL] CHAIN: {"tripwires": {"TW1_identity": "pass", "TW2_persistence": "pass", "TW3_live_spread": "fail", "TW4_depth_rewalk
nado perp symbols: 82

== ENTRY CHECK LINK nado->okx $250/leg seq=sm_lt
nado perp symbols: 82
  [PASS] TW1_identity: {"mid_short": 11.391, "mid_long": 11.3895, "dev_pct": 0.013, "margining": ["linear_usdc", "linear_usdt"], "gat
  [FAIL] TW2_persistence: {"pos_day_frac": 0.932, "model": "sharpe_ffill", "gate_pos_frac": 0.95, "intervals": {"nado": {"live_interval_
  [PASS] TW3_live_spread: {"live_apr": 0.108, "median60d_apr": 0.0332, "frac_of_median": 3.257, "gate_frac": 0.4, "model": "sharpe_ffill
  [PASS] TW4_depth_rewalk: {"worst_slip_bps": 1.3, "gate_slip_bps": 25.0, "size_usd": 250, "walks": {"nado_short": {"entry_slip_bps": 1.3
  [PASS] TW5_floor_monitor: {"venues": {"nado": {"note": "no native funding-param endpoint (rate/interval watched via TW2)"}, "okx": {"not
  [PASS] TW6_counterparty: {"nado": {"cap_usd": 5000.0, "exposure_now_usd": 0, "projected_usd": 250, "tier": 2}, "okx": {"cap_usd": 20000
  [FAIL] CHAIN: {"tripwires": {"TW1_identity": "pass", "TW2_persistence": "fail", "TW3_live_spread": "pass", "TW4_depth_rewalk
nado perp symbols: 82

[tick done 25.9s active=0]

===== tick 3 2026-09-14T04:07:00Z =====
nado perp symbols: 82

== ENTRY CHECK XMR dydx->binance $400/leg seq=sm_lt
nado perp symbols: 82
  [PASS] TW1_identity: {"mid_short": 526.485, "mid_long": 525.915, "dev_pct": 0.108, "margining": ["linear_usd", "linear_usdt"], "gat
  [PASS] TW2_persistence: {"pos_day_frac": 0.9767, "model": "native_event", "gate_pos_frac": 0.95, "intervals": {"dydx": {"live_interval
  [FAIL] TW3_live_spread: {"live_apr": -0.1095, "median60d_apr": 0.3384, "frac_of_median": -0.324, "gate_frac": 0.4, "model": "sharpe_ff
  [FAIL] TW4_depth_rewalk: {"worst_slip_bps": 27.4, "gate_slip_bps": 25.0, "size_usd": 400, "walks": {"dydx_short": {"entry_slip_bps": 27
  [PASS] TW5_floor_monitor: {"venues": {"binance": {"params": {"cap": null, "floor": null, "fundingIntervalHours": 8}, "unchanged": true},
  [PASS] TW6_counterparty: {"binance": {"cap_usd": 20000.0, "exposure_now_usd": 400.0, "projected_usd": 800.0, "tier": 1}, "dydx": {"cap_
  [FAIL] CHAIN: {"tripwires": {"TW1_identity": "pass", "TW2_persistence": "pass", "TW3_live_spread": "fail", "TW4_depth_rewalk
nado perp symbols: 82
  BTW aster->bitget: venue frozen ['aster', 'bitget'], skip
  UAI aster->binance: venue frozen ['aster'], skip

== ENTRY CHECK INJ bingx->okx $250/leg seq=tt
nado perp symbols: 82
  [PASS] TW1_identity: {"mid_short": 6.1925, "mid_long": 6.1935, "dev_pct": 0.016, "margining": ["linear_usdt", "linear_usdt"], "gate
  [PASS] TW2_persistence: {"pos_day_frac": 0.9553, "model": "sharpe_ffill", "gate_pos_frac": 0.95, "intervals": {"bingx": {"live_interva
  [FAIL] TW3_live_spread: {"live_apr": -0.5387, "median60d_apr": 0.0134, "frac_of_median": -40.319, "gate_frac": 0.4, "model": "sharpe_f
  [PASS] TW4_depth_rewalk: {"worst_slip_bps": 3.2, "gate_slip_bps": 25.0, "size_usd": 250, "walks": {"bingx_short": {"entry_slip_bps": 1.
  [PASS] TW5_floor_monitor: {"venues": {"bingx": {"note": "no native funding-param endpoint (rate/interval watched via TW2)"}, "okx": {"no
  [PASS] TW6_counterparty: {"bingx": {"cap_usd": 5000.0, "exposure_now_usd": 250.0, "projected_usd": 500.0, "tier": 2}, "okx": {"cap_usd"
  [FAIL] CHAIN: {"tripwires": {"TW1_identity": "pass", "TW2_persistence": "pass", "TW3_live_spread": "fail", "TW4_depth_rewalk
nado perp symbols: 82

== ENTRY CHECK LINK nado->okx $250/leg seq=sm_lt
nado perp symbols: 82
  [PASS] TW1_identity: {"mid_short": 11.396, "mid_long": 11.3945, "dev_pct": 0.013, "margining": ["linear_usdc", "linear_usdt"], "gat
  [FAIL] TW2_persistence: {"pos_day_frac": 0.932, "model": "sharpe_ffill", "gate_pos_frac": 0.95, "intervals": {"nado": {"live_interval_
  [PASS] TW3_live_spread: {"live_apr": 0.1077, "median60d_apr": 0.0332, "frac_of_median": 3.246, "gate_frac": 0.4, "model": "sharpe_ffil
  [PASS] TW4_depth_rewalk: {"worst_slip_bps": 0.9, "gate_slip_bps": 25.0, "size_usd": 250, "walks": {"nado_short": {"entry_slip_bps": 0.8
  [PASS] TW5_floor_monitor: {"venues": {"nado": {"note": "no native funding-param endpoint (rate/interval watched via TW2)"}, "okx": {"not
  [PASS] TW6_counterparty: {"nado": {"cap_usd": 5000.0, "exposure_now_usd": 0, "projected_usd": 250, "tier": 2}, "okx": {"cap_usd": 20000
  [FAIL] CHAIN: {"tripwires": {"TW1_identity": "pass", "TW2_persistence": "fail", "TW3_live_spread": "pass", "TW4_depth_rewalk
nado perp symbols: 82

[tick done 25.9s active=0]

===== tick 4 2026-09-14T04:07:46Z =====
nado perp symbols: 82

== ENTRY CHECK XMR dydx->binance $400/leg seq=sm_lt
nado perp symbols: 82
  [PASS] TW1_identity: {"mid_short": 526.295, "mid_long": 525.745, "dev_pct": 0.105, "margining": ["linear_usd", "linear_usdt"], "gat
  [PASS] TW2_persistence: {"pos_day_frac": 0.9767, "model": "native_event", "gate_pos_frac": 0.95, "intervals": {"dydx": {"live_interval
  [FAIL] TW3_live_spread: {"live_apr": -0.1095, "median60d_apr": 0.3384, "frac_of_median": -0.324, "gate_frac": 0.4, "model": "sharpe_ff
  [FAIL] TW4_depth_rewalk: {"worst_slip_bps": 28.2, "gate_slip_bps": 25.0, "size_usd": 400, "walks": {"dydx_short": {"entry_slip_bps": 28
  [PASS] TW5_floor_monitor: {"venues": {"binance": {"params": {"cap": null, "floor": null, "fundingIntervalHours": 8}, "unchanged": true},
  [PASS] TW6_counterparty: {"binance": {"cap_usd": 20000.0, "exposure_now_usd": 400.0, "projected_usd": 800.0, "tier": 1}, "dydx": {"cap_
  [FAIL] CHAIN: {"tripwires": {"TW1_identity": "pass", "TW2_persistence": "pass", "TW3_live_spread": "fail", "TW4_depth_rewalk
nado perp symbols: 82
  BTW aster->bitget: venue frozen ['aster', 'bitget'], skip
  UAI aster->binance: venue frozen ['aster'], skip

== ENTRY CHECK INJ bingx->okx $250/leg seq=tt
nado perp symbols: 82
  [PASS] TW1_identity: {"mid_short": 6.179, "mid_long": 6.177, "dev_pct": 0.032, "margining": ["linear_usdt", "linear_usdt"], "gate_m
  [PASS] TW2_persistence: {"pos_day_frac": 0.9553, "model": "sharpe_ffill", "gate_pos_frac": 0.95, "intervals": {"bingx": {"live_interva
  [FAIL] TW3_live_spread: {"live_apr": -0.544, "median60d_apr": 0.0134, "frac_of_median": -40.712, "gate_frac": 0.4, "model": "sharpe_ff
  [PASS] TW4_depth_rewalk: {"worst_slip_bps": 1.6, "gate_slip_bps": 25.0, "size_usd": 250, "walks": {"bingx_short": {"entry_slip_bps": 1.
  [PASS] TW5_floor_monitor: {"venues": {"bingx": {"note": "no native funding-param endpoint (rate/interval watched via TW2)"}, "okx": {"no
  [PASS] TW6_counterparty: {"bingx": {"cap_usd": 5000.0, "exposure_now_usd": 250.0, "projected_usd": 500.0, "tier": 2}, "okx": {"cap_usd"
  [FAIL] CHAIN: {"tripwires": {"TW1_identity": "pass", "TW2_persistence": "pass", "TW3_live_spread": "fail", "TW4_depth_rewalk
nado perp symbols: 82

== ENTRY CHECK LINK nado->okx $250/leg seq=sm_lt
nado perp symbols: 82
  [PASS] TW1_identity: {"mid_short": 11.3785, "mid_long": 11.3755, "dev_pct": 0.026, "margining": ["linear_usdc", "linear_usdt"], "ga
  [FAIL] TW2_persistence: {"pos_day_frac": 0.932, "model": "sharpe_ffill", "gate_pos_frac": 0.95, "intervals": {"nado": {"live_interval_
  [PASS] TW3_live_spread: {"live_apr": 0.1077, "median60d_apr": 0.0332, "frac_of_median": 3.246, "gate_frac": 0.4, "model": "sharpe_ffil
  [PASS] TW4_depth_rewalk: {"worst_slip_bps": 0.9, "gate_slip_bps": 25.0, "size_usd": 250, "walks": {"nado_short": {"entry_slip_bps": 0.8
  [PASS] TW5_floor_monitor: {"venues": {"nado": {"note": "no native funding-param endpoint (rate/interval watched via TW2)"}, "okx": {"not
  [PASS] TW6_counterparty: {"nado": {"cap_usd": 5000.0, "exposure_now_usd": 0, "projected_usd": 250, "tier": 2}, "okx": {"cap_usd": 20000
  [FAIL] CHAIN: {"tripwires": {"TW1_identity": "pass", "TW2_persistence": "fail", "TW3_live_spread": "pass", "TW4_depth_rewalk
nado perp symbols: 82

[tick done 25.7s active=0]

===== tick 5 2026-09-14T04:08:32Z =====
nado perp symbols: 82
  book binance/UAI: ERR binance UAI: {'code': -1003, 'msg': 'Way too many requests; IP(8.212.10.159) ban
  kill-switch HALT: new entries blocked (evaluated 2026-09-14T04:08:33Z)

[tick done 1.2s active=0]

===== tick 6 2026-09-14T04:08:53Z =====
nado perp symbols: 82
  book binance/UAI: ERR binance UAI: {'code': -1003, 'msg': 'Way too many requests; IP(8.212.10.159) ban
  book binance/XMR: ERR binance XMR: {'code': -1003, 'msg': 'Way too many requests; IP(8.212.10.159) ban
  kill-switch HALT: new entries blocked (evaluated 2026-09-14T04:08:33Z)

[tick done 1.2s active=0]

===== tick 7 2026-09-14T04:09:14Z =====
nado perp symbols: 82
  kill-switch HALT: new entries blocked (evaluated 2026-09-14T04:08:33Z)

[tick done 1.1s active=0]

===== tick 8 2026-09-14T04:09:35Z =====
nado perp symbols: 82
  kill-switch HALT: new entries blocked (evaluated 2026-09-14T04:08:33Z)

[tick done 1.2s active=0]

===== tick 9 2026-09-14T04:09:57Z =====
nado perp symbols: 82
  book binance/XMR: ERR binance XMR: {'code': -1003, 'msg': 'Way too many requests; IP(8.212.10.159) ban
  kill-switch HALT: new entries blocked (evaluated 2026-09-14T04:08:33Z)

[tick done 1.2s active=0]

===== tick 10 2026-09-14T04:10:18Z =====
nado perp symbols: 82
  kill-switch HALT: new entries blocked (evaluated 2026-09-14T04:08:33Z)

[tick done 1.2s active=0]

===== tick 11 2026-09-14T04:10:39Z =====
nado perp symbols: 82
  book binance/UAI: ERR binance UAI: {'code': -1003, 'msg': 'Way too many requests; IP(8.212.10.159) ban
  kill-switch HALT: new entries blocked (evaluated 2026-09-14T04:08:33Z)

[tick done 1.2s active=0]

===== tick 12 2026-09-14T04:11:00Z =====
nado perp symbols: 82
  kill-switch HALT: new entries blocked (evaluated 2026-09-14T04:08:33Z)

[tick done 1.1s active=0]

===== tick 13 2026-09-14T04:11:21Z =====
nado perp symbols: 82
  book binance/UAI: ERR binance UAI: {'code': -1003, 'msg': 'Way too many requests; IP(8.212.10.159) ban
  book binance/XMR: ERR binance XMR: {'code': -1003, 'msg': 'Way too many requests; IP(8.212.10.159) ban
  kill-switch HALT: new entries blocked (evaluated 2026-09-14T04:08:33Z)

[tick done 1.1s active=0]

===== tick 14 2026-09-14T04:11:42Z =====
nado perp symbols: 82
  book binance/UAI: ERR binance UAI: {'code': -1003, 'msg': 'Way too many requests; IP(8.212.10.159) ban
  book binance/XMR: ERR binance XMR: {'code': -1003, 'msg': 'Way too many requests; IP(8.212.10.159) ban
  kill-switch HALT: new entries blocked (evaluated 2026-09-14T04:08:33Z)

[tick done 1.2s active=0]

===== tick 15 2026-09-14T04:12:04Z =====
nado perp symbols: 82
  kill-switch HALT: new entries blocked (evaluated 2026-09-14T04:08:33Z)

[tick done 6.2s active=0]

===== tick 16 2026-09-14T04:12:30Z =====
nado perp symbols: 82
  kill-switch HALT: new entries blocked (evaluated 2026-09-14T04:08:33Z)

[tick done 1.2s active=0]

===== tick 17 2026-09-14T04:12:51Z =====
nado perp symbols: 82
  book binance/UAI: ERR binance UAI: {'code': -1003, 'msg': 'Way too many requests; IP(8.212.10.159) ban
  book binance/XMR: ERR binance XMR: {'code': -1003, 'msg': 'Way too many requests; IP(8.212.10.159) ban
  kill-switch HALT: new entries blocked (evaluated 2026-09-14T04:08:33Z)

[tick done 1.1s active=0]

===== tick 18 2026-09-14T04:13:12Z =====
nado perp symbols: 82
  kill-switch HALT: new entries blocked (evaluated 2026-09-14T04:08:33Z)

[tick done 1.2s active=0]

===== run window ended =====
engine heartbeat: 2026-09-14T04:13:13Z

positions:
  #1 INJ bingx->okx         closed     stage=init               entry=0.131% open=2026-09-03T10:26:23Z close=2026-09-08T09:57:55Z
  #2 UAI aster->binance     closed     stage=long_taker         entry=0.082% open=2026-09-03T21:03:29Z close=2026-09-08T10:02:23Z
  #3 INJ bingx->okx         closed     stage=init               entry=0.139% open=2026-09-08T09:58:20Z close=2026-09-08T10:09:37Z
  #4 UAI aster->binance     closed     stage=long_taker         entry=0.082% open=2026-09-08T10:02:49Z close=2026-09-14T03:08:57Z

resting orders:

recent fills:
  2026-09-14T03:08:57Z UAI aster->binance   long /binance  sell taker qty=768.846 px=0.52026 slip=2.69 fee=5.0
  2026-09-14T03:08:57Z UAI aster->binance   short/aster    buy  taker qty=767.757 px=0.520998 slip=5.72 fee=4.0
  2026-09-08T10:09:37Z INJ bingx->okx       long /okx      sell taker qty=39.6825 px=6.3 slip=0.79 fee=5.0
  2026-09-08T10:09:37Z INJ bingx->okx       short/bingx    buy  taker qty=39.6699 px=6.302 slip=1.59 fee=5.0
  2026-09-08T10:04:52Z UAI aster->binance   long /binance  buy  taker qty=550.331 px=0.726836 slip=3.24 fee=5.0
  2026-09-08T10:04:52Z UAI aster->binance   short/aster    sell maker qty=550.964 px=0.726 slip=0.0 fee=0.0
  2026-09-08T10:02:23Z UAI aster->binance   short/aster    buy  maker qty=549.677 px=0.7277 slip=0.0 fee=0.0
  2026-09-08T09:58:20Z INJ bingx->okx       long /okx      buy  taker qty=39.4697 px=6.33397 slip=2.33 fee=5.0
  2026-09-08T09:58:20Z INJ bingx->okx       short/bingx    sell taker qty=39.4633 px=6.335 slip=1.58 fee=5.0
  2026-09-08T09:57:55Z UAI aster->binance   long /binance  sell taker qty=550.399 px=0.726745 slip=2.13 fee=5.0
  2026-09-08T09:57:55Z INJ bingx->okx       long /okx      sell taker qty=39.482 px=6.332 slip=0.79 fee=5.0
  2026-09-08T09:57:55Z INJ bingx->okx       short/bingx    buy  taker qty=39.4508 px=6.337 slip=1.58 fee=5.0
