
===== tick 1 2026-09-15T03:34:53Z =====
nado perp symbols: 82
  book binance/UAI: ERR binance UAI: {'code': -1003, 'msg': 'Way too many requests; IP(8.212.10.159) ban
  book binance/XMR: ERR binance XMR: {'code': -1003, 'msg': 'Way too many requests; IP(8.212.10.159) ban

== ENTRY CHECK XMR dydx->binance $400/leg seq=sm_lt
nado perp symbols: 82
  [FAIL] TW1_identity: {"error": "RuntimeError(\"binance XMR: {'code': -1003, 'msg': 'Way too many requests; IP(8.212.10.159) banned 
  native funding binance XMR: ERR 'lastFundingRate'
  [PASS] TW2_persistence: {"pos_day_frac": 0.9767, "model": "native_event", "gate_pos_frac": 0.95, "intervals": {"dydx": {"live_interval
  native funding binance XMR: ERR 'lastFundingRate'
  [FAIL] TW3_live_spread: {"live_apr": -0.1095, "median60d_apr": 0.3384, "frac_of_median": -0.324, "gate_frac": 0.4, "model": "sharpe_ff
  [FAIL] TW4_depth_rewalk: {"worst_slip_bps": 82.3, "gate_slip_bps": 25.0, "size_usd": 400, "walks": {"dydx_short": {"entry_slip_bps": 82
  [PASS] TW5_floor_monitor: {"venues": {"dydx": {"params": {"defaultFundingRate1H": "0"}, "unchanged": true}, "binance": {"params": {"cap"
  [PASS] TW6_counterparty: {"dydx": {"cap_usd": 20000.0, "exposure_now_usd": 0, "projected_usd": 400, "tier": 1}, "binance": {"cap_usd": 
  [FAIL_HARD] CHAIN: {"tripwires": {"TW1_identity": "fail", "TW2_persistence": "pass", "TW3_live_spread": "fail", "TW4_depth_rewalk
nado perp symbols: 82
  BTW aster->bitget: venue frozen ['aster', 'bitget'], skip
  UAI aster->binance: venue frozen ['aster'], skip

== ENTRY CHECK INJ bingx->okx $250/leg seq=tt
nado perp symbols: 82
  [PASS] TW1_identity: {"mid_short": 6.1325, "mid_long": 6.1305, "dev_pct": 0.033, "margining": ["linear_usdt", "linear_usdt"], "gate
  [PASS] TW2_persistence: {"pos_day_frac": 0.9553, "model": "sharpe_ffill", "gate_pos_frac": 0.95, "intervals": {"bingx": {"live_interva
  [FAIL] TW3_live_spread: {"live_apr": -0.4674, "median60d_apr": 0.0134, "frac_of_median": -34.983, "gate_frac": 0.4, "model": "sharpe_f
  [PASS] TW4_depth_rewalk: {"worst_slip_bps": 0.8, "gate_slip_bps": 25.0, "size_usd": 250, "walks": {"bingx_short": {"entry_slip_bps": 0.
  [PASS] TW5_floor_monitor: {"venues": {"bingx": {"note": "no native funding-param endpoint (rate/interval watched via TW2)"}, "okx": {"no
  [PASS] TW6_counterparty: {"bingx": {"cap_usd": 5000.0, "exposure_now_usd": 250.0, "projected_usd": 500.0, "tier": 2}, "okx": {"cap_usd"
  [FAIL] CHAIN: {"tripwires": {"TW1_identity": "pass", "TW2_persistence": "pass", "TW3_live_spread": "fail", "TW4_depth_rewalk
nado perp symbols: 82

== ENTRY CHECK LINK nado->okx $250/leg seq=sm_lt
nado perp symbols: 82
  [PASS] TW1_identity: {"mid_short": 11.548, "mid_long": 11.5465, "dev_pct": 0.013, "margining": ["linear_usdc", "linear_usdt"], "gat
  [FAIL] TW2_persistence: {"pos_day_frac": 0.932, "model": "sharpe_ffill", "gate_pos_frac": 0.95, "intervals": {"nado": {"live_interval_
  [FAIL] TW3_live_spread: {"live_apr": -0.0427, "median60d_apr": 0.0332, "frac_of_median": -1.288, "gate_frac": 0.4, "model": "sharpe_ff
  [PASS] TW4_depth_rewalk: {"worst_slip_bps": 1.5, "gate_slip_bps": 25.0, "size_usd": 250, "walks": {"nado_short": {"entry_slip_bps": 0.8
  [PASS] TW5_floor_monitor: {"venues": {"nado": {"note": "no native funding-param endpoint (rate/interval watched via TW2)"}, "okx": {"not
  [PASS] TW6_counterparty: {"nado": {"cap_usd": 5000.0, "exposure_now_usd": 0, "projected_usd": 250, "tier": 2}, "okx": {"cap_usd": 20000
  [FAIL] CHAIN: {"tripwires": {"TW1_identity": "pass", "TW2_persistence": "fail", "TW3_live_spread": "fail", "TW4_depth_rewalk
nado perp symbols: 82

[tick done 30.0s active=0]

===== tick 2 2026-09-15T03:35:43Z =====
nado perp symbols: 82
  book binance/UAI: ERR binance UAI: {'code': -1003, 'msg': 'Way too many requests; IP(8.212.10.159) ban
  book binance/XMR: ERR binance XMR: {'code': -1003, 'msg': 'Way too many requests; IP(8.212.10.159) ban

== ENTRY CHECK XMR dydx->binance $400/leg seq=sm_lt
nado perp symbols: 82
  [FAIL] TW1_identity: {"error": "RuntimeError(\"binance XMR: {'code': -1003, 'msg': 'Way too many requests; IP(8.212.10.159) banned 
  native funding binance XMR: ERR 'lastFundingRate'
  [PASS] TW2_persistence: {"pos_day_frac": 0.9767, "model": "native_event", "gate_pos_frac": 0.95, "intervals": {"dydx": {"live_interval
  native funding binance XMR: ERR 'lastFundingRate'
  [FAIL] TW3_live_spread: {"live_apr": -0.1095, "median60d_apr": 0.3384, "frac_of_median": -0.324, "gate_frac": 0.4, "model": "sharpe_ff
  [FAIL] TW4_depth_rewalk: {"error": "RuntimeError(\"binance XMR: {'code': -1003, 'msg': 'Way too many requests; IP(8.212.10.159) banned 
  [PASS] TW5_floor_monitor: {"venues": {"dydx": {"params": {"defaultFundingRate1H": "0"}, "unchanged": true}, "binance": {"params": {"cap"
  [PASS] TW6_counterparty: {"dydx": {"cap_usd": 20000.0, "exposure_now_usd": 0, "projected_usd": 400, "tier": 1}, "binance": {"cap_usd": 
  [FAIL_HARD] CHAIN: {"tripwires": {"TW1_identity": "fail", "TW2_persistence": "pass", "TW3_live_spread": "fail", "TW4_depth_rewalk
nado perp symbols: 82
  BTW aster->bitget: venue frozen ['aster', 'bitget'], skip
  UAI aster->binance: venue frozen ['aster'], skip

== ENTRY CHECK INJ bingx->okx $250/leg seq=tt
nado perp symbols: 82
  [PASS] TW1_identity: {"mid_short": 6.1365, "mid_long": 6.1365, "dev_pct": 0.0, "margining": ["linear_usdt", "linear_usdt"], "gate_m
  [PASS] TW2_persistence: {"pos_day_frac": 0.9553, "model": "sharpe_ffill", "gate_pos_frac": 0.95, "intervals": {"bingx": {"live_interva
  [FAIL] TW3_live_spread: {"live_apr": -0.466, "median60d_apr": 0.0134, "frac_of_median": -34.875, "gate_frac": 0.4, "model": "sharpe_ff
  [PASS] TW4_depth_rewalk: {"worst_slip_bps": 0.8, "gate_slip_bps": 25.0, "size_usd": 250, "walks": {"bingx_short": {"entry_slip_bps": 0.
  [PASS] TW5_floor_monitor: {"venues": {"bingx": {"note": "no native funding-param endpoint (rate/interval watched via TW2)"}, "okx": {"no
  [PASS] TW6_counterparty: {"bingx": {"cap_usd": 5000.0, "exposure_now_usd": 250.0, "projected_usd": 500.0, "tier": 2}, "okx": {"cap_usd"
  [FAIL] CHAIN: {"tripwires": {"TW1_identity": "pass", "TW2_persistence": "pass", "TW3_live_spread": "fail", "TW4_depth_rewalk
nado perp symbols: 82

== ENTRY CHECK LINK nado->okx $250/leg seq=sm_lt
nado perp symbols: 82
  [PASS] TW1_identity: {"mid_short": 11.5485, "mid_long": 11.5495, "dev_pct": 0.009, "margining": ["linear_usdc", "linear_usdt"], "ga
  [FAIL] TW2_persistence: {"pos_day_frac": 0.932, "model": "sharpe_ffill", "gate_pos_frac": 0.95, "intervals": {"nado": {"live_interval_
  [FAIL] TW3_live_spread: {"live_apr": -0.0441, "median60d_apr": 0.0332, "frac_of_median": -1.33, "gate_frac": 0.4, "model": "sharpe_ffi
  [PASS] TW4_depth_rewalk: {"worst_slip_bps": 1.4, "gate_slip_bps": 25.0, "size_usd": 250, "walks": {"nado_short": {"entry_slip_bps": 1.2
  [PASS] TW5_floor_monitor: {"venues": {"nado": {"note": "no native funding-param endpoint (rate/interval watched via TW2)"}, "okx": {"not
  [PASS] TW6_counterparty: {"nado": {"cap_usd": 5000.0, "exposure_now_usd": 0, "projected_usd": 250, "tier": 2}, "okx": {"cap_usd": 20000
  [FAIL] CHAIN: {"tripwires": {"TW1_identity": "pass", "TW2_persistence": "fail", "TW3_live_spread": "fail", "TW4_depth_rewalk
nado perp symbols: 82

[tick done 25.5s active=0]

===== tick 3 2026-09-15T03:36:29Z =====
nado perp symbols: 82

== ENTRY CHECK XMR dydx->binance $400/leg seq=sm_lt
nado perp symbols: 82
  [PASS] TW1_identity: {"mid_short": 512.325, "mid_long": 514.235, "dev_pct": 0.371, "margining": ["linear_usd", "linear_usdt"], "gat
  [PASS] TW2_persistence: {"pos_day_frac": 0.9767, "model": "native_event", "gate_pos_frac": 0.95, "intervals": {"dydx": {"live_interval
  [FAIL] TW3_live_spread: {"live_apr": -0.1095, "median60d_apr": 0.3384, "frac_of_median": -0.324, "gate_frac": 0.4, "model": "sharpe_ff
  [FAIL] TW4_depth_rewalk: {"worst_slip_bps": 83.1, "gate_slip_bps": 25.0, "size_usd": 400, "walks": {"dydx_short": {"entry_slip_bps": 83
  [PASS] TW5_floor_monitor: {"venues": {"dydx": {"params": {"defaultFundingRate1H": "0"}, "unchanged": true}, "binance": {"params": {"cap"
  [PASS] TW6_counterparty: {"dydx": {"cap_usd": 20000.0, "exposure_now_usd": 0, "projected_usd": 400, "tier": 1}, "binance": {"cap_usd": 
  [FAIL] CHAIN: {"tripwires": {"TW1_identity": "pass", "TW2_persistence": "pass", "TW3_live_spread": "fail", "TW4_depth_rewalk
nado perp symbols: 82
  BTW aster->bitget: venue frozen ['aster', 'bitget'], skip
  UAI aster->binance: venue frozen ['aster'], skip

== ENTRY CHECK INJ bingx->okx $250/leg seq=tt
nado perp symbols: 82
  [PASS] TW1_identity: {"mid_short": 6.1445, "mid_long": 6.1425, "dev_pct": 0.033, "margining": ["linear_usdt", "linear_usdt"], "gate
  [PASS] TW2_persistence: {"pos_day_frac": 0.9553, "model": "sharpe_ffill", "gate_pos_frac": 0.95, "intervals": {"bingx": {"live_interva
  [FAIL] TW3_live_spread: {"live_apr": -0.4655, "median60d_apr": 0.0134, "frac_of_median": -34.835, "gate_frac": 0.4, "model": "sharpe_f
  [PASS] TW4_depth_rewalk: {"worst_slip_bps": 1.8, "gate_slip_bps": 25.0, "size_usd": 250, "walks": {"bingx_short": {"entry_slip_bps": 0.
  [PASS] TW5_floor_monitor: {"venues": {"bingx": {"note": "no native funding-param endpoint (rate/interval watched via TW2)"}, "okx": {"no
  [PASS] TW6_counterparty: {"bingx": {"cap_usd": 5000.0, "exposure_now_usd": 250.0, "projected_usd": 500.0, "tier": 2}, "okx": {"cap_usd"
  [FAIL] CHAIN: {"tripwires": {"TW1_identity": "pass", "TW2_persistence": "pass", "TW3_live_spread": "fail", "TW4_depth_rewalk
nado perp symbols: 82

== ENTRY CHECK LINK nado->okx $250/leg seq=sm_lt
nado perp symbols: 82
  [PASS] TW1_identity: {"mid_short": 11.542, "mid_long": 11.5435, "dev_pct": 0.013, "margining": ["linear_usdc", "linear_usdt"], "gat
  [FAIL] TW2_persistence: {"pos_day_frac": 0.932, "model": "sharpe_ffill", "gate_pos_frac": 0.95, "intervals": {"nado": {"live_interval_
  [FAIL] TW3_live_spread: {"live_apr": -0.0451, "median60d_apr": 0.0332, "frac_of_median": -1.36, "gate_frac": 0.4, "model": "sharpe_ffi
  [PASS] TW4_depth_rewalk: {"worst_slip_bps": 0.9, "gate_slip_bps": 25.0, "size_usd": 250, "walks": {"nado_short": {"entry_slip_bps": 0.8
  [PASS] TW5_floor_monitor: {"venues": {"nado": {"note": "no native funding-param endpoint (rate/interval watched via TW2)"}, "okx": {"not
  [PASS] TW6_counterparty: {"nado": {"cap_usd": 5000.0, "exposure_now_usd": 0, "projected_usd": 250, "tier": 2}, "okx": {"cap_usd": 20000
  [FAIL] CHAIN: {"tripwires": {"TW1_identity": "pass", "TW2_persistence": "fail", "TW3_live_spread": "fail", "TW4_depth_rewalk
nado perp symbols: 82

[tick done 25.7s active=0]

===== tick 4 2026-09-15T03:37:14Z =====
nado perp symbols: 82

== ENTRY CHECK XMR dydx->binance $400/leg seq=sm_lt
nado perp symbols: 82
  [PASS] TW1_identity: {"mid_short": 512.315, "mid_long": 514.235, "dev_pct": 0.373, "margining": ["linear_usd", "linear_usdt"], "gat
  [PASS] TW2_persistence: {"pos_day_frac": 0.9767, "model": "native_event", "gate_pos_frac": 0.95, "intervals": {"dydx": {"live_interval
  [FAIL] TW3_live_spread: {"live_apr": -0.1095, "median60d_apr": 0.3384, "frac_of_median": -0.324, "gate_frac": 0.4, "model": "sharpe_ff
  [FAIL] TW4_depth_rewalk: {"worst_slip_bps": 82.0, "gate_slip_bps": 25.0, "size_usd": 400, "walks": {"dydx_short": {"entry_slip_bps": 81
  [PASS] TW5_floor_monitor: {"venues": {"dydx": {"params": {"defaultFundingRate1H": "0"}, "unchanged": true}, "binance": {"params": {"cap"
  [PASS] TW6_counterparty: {"dydx": {"cap_usd": 20000.0, "exposure_now_usd": 0, "projected_usd": 400, "tier": 1}, "binance": {"cap_usd": 
  [FAIL] CHAIN: {"tripwires": {"TW1_identity": "pass", "TW2_persistence": "pass", "TW3_live_spread": "fail", "TW4_depth_rewalk
nado perp symbols: 82
  BTW aster->bitget: venue frozen ['aster', 'bitget'], skip
  UAI aster->binance: venue frozen ['aster'], skip

== ENTRY CHECK INJ bingx->okx $250/leg seq=tt
nado perp symbols: 82
  [PASS] TW1_identity: {"mid_short": 6.1395, "mid_long": 6.138, "dev_pct": 0.024, "margining": ["linear_usdt", "linear_usdt"], "gate_
  [PASS] TW2_persistence: {"pos_day_frac": 0.9553, "model": "sharpe_ffill", "gate_pos_frac": 0.95, "intervals": {"bingx": {"live_interva
  [FAIL] TW3_live_spread: {"live_apr": -0.464, "median60d_apr": 0.0134, "frac_of_median": -34.723, "gate_frac": 0.4, "model": "sharpe_ff
  [PASS] TW4_depth_rewalk: {"worst_slip_bps": 3.0, "gate_slip_bps": 25.0, "size_usd": 250, "walks": {"bingx_short": {"entry_slip_bps": 0.
  [PASS] TW5_floor_monitor: {"venues": {"bingx": {"note": "no native funding-param endpoint (rate/interval watched via TW2)"}, "okx": {"no
  [PASS] TW6_counterparty: {"bingx": {"cap_usd": 5000.0, "exposure_now_usd": 250.0, "projected_usd": 500.0, "tier": 2}, "okx": {"cap_usd"
  [FAIL] CHAIN: {"tripwires": {"TW1_identity": "pass", "TW2_persistence": "pass", "TW3_live_spread": "fail", "TW4_depth_rewalk
nado perp symbols: 82

== ENTRY CHECK LINK nado->okx $250/leg seq=sm_lt
nado perp symbols: 82
  [PASS] TW1_identity: {"mid_short": 11.5435, "mid_long": 11.5425, "dev_pct": 0.009, "margining": ["linear_usdc", "linear_usdt"], "ga
  [FAIL] TW2_persistence: {"pos_day_frac": 0.932, "model": "sharpe_ffill", "gate_pos_frac": 0.95, "intervals": {"nado": {"live_interval_
  [FAIL] TW3_live_spread: {"live_apr": -0.0465, "median60d_apr": 0.0332, "frac_of_median": -1.402, "gate_frac": 0.4, "model": "sharpe_ff
  [PASS] TW4_depth_rewalk: {"worst_slip_bps": 1.3, "gate_slip_bps": 25.0, "size_usd": 250, "walks": {"nado_short": {"entry_slip_bps": 1.2
  [PASS] TW5_floor_monitor: {"venues": {"nado": {"note": "no native funding-param endpoint (rate/interval watched via TW2)"}, "okx": {"not
  [PASS] TW6_counterparty: {"nado": {"cap_usd": 5000.0, "exposure_now_usd": 0, "projected_usd": 250, "tier": 2}, "okx": {"cap_usd": 20000
  [FAIL] CHAIN: {"tripwires": {"TW1_identity": "pass", "TW2_persistence": "fail", "TW3_live_spread": "fail", "TW4_depth_rewalk
nado perp symbols: 82

[tick done 26.7s active=0]

===== tick 5 2026-09-15T03:38:01Z =====
nado perp symbols: 82

== ENTRY CHECK XMR dydx->binance $400/leg seq=sm_lt
nado perp symbols: 82
  [PASS] TW1_identity: {"mid_short": 512.255, "mid_long": 514.135, "dev_pct": 0.366, "margining": ["linear_usd", "linear_usdt"], "gat
  [PASS] TW2_persistence: {"pos_day_frac": 0.9767, "model": "native_event", "gate_pos_frac": 0.95, "intervals": {"dydx": {"live_interval
  [FAIL] TW3_live_spread: {"live_apr": -0.1095, "median60d_apr": 0.3384, "frac_of_median": -0.324, "gate_frac": 0.4, "model": "sharpe_ff
  [FAIL] TW4_depth_rewalk: {"worst_slip_bps": 81.8, "gate_slip_bps": 25.0, "size_usd": 400, "walks": {"dydx_short": {"entry_slip_bps": 81
  [PASS] TW5_floor_monitor: {"venues": {"dydx": {"params": {"defaultFundingRate1H": "0"}, "unchanged": true}, "binance": {"params": {"cap"
  [PASS] TW6_counterparty: {"dydx": {"cap_usd": 20000.0, "exposure_now_usd": 0, "projected_usd": 400, "tier": 1}, "binance": {"cap_usd": 
  [FAIL] CHAIN: {"tripwires": {"TW1_identity": "pass", "TW2_persistence": "pass", "TW3_live_spread": "fail", "TW4_depth_rewalk
nado perp symbols: 82
  BTW aster->bitget: venue frozen ['aster', 'bitget'], skip
  UAI aster->binance: venue frozen ['aster'], skip

== ENTRY CHECK INJ bingx->okx $250/leg seq=tt
nado perp symbols: 82
  [PASS] TW1_identity: {"mid_short": 6.1385, "mid_long": 6.1375, "dev_pct": 0.016, "margining": ["linear_usdt", "linear_usdt"], "gate
  [PASS] TW2_persistence: {"pos_day_frac": 0.9553, "model": "sharpe_ffill", "gate_pos_frac": 0.95, "intervals": {"bingx": {"live_interva
  [FAIL] TW3_live_spread: {"live_apr": -0.468, "median60d_apr": 0.0134, "frac_of_median": -35.024, "gate_frac": 0.4, "model": "sharpe_ff
  [PASS] TW4_depth_rewalk: {"worst_slip_bps": 0.8, "gate_slip_bps": 25.0, "size_usd": 250, "walks": {"bingx_short": {"entry_slip_bps": 0.
  [PASS] TW5_floor_monitor: {"venues": {"bingx": {"note": "no native funding-param endpoint (rate/interval watched via TW2)"}, "okx": {"no
  [PASS] TW6_counterparty: {"bingx": {"cap_usd": 5000.0, "exposure_now_usd": 250.0, "projected_usd": 500.0, "tier": 2}, "okx": {"cap_usd"
  [FAIL] CHAIN: {"tripwires": {"TW1_identity": "pass", "TW2_persistence": "pass", "TW3_live_spread": "fail", "TW4_depth_rewalk
nado perp symbols: 82

== ENTRY CHECK LINK nado->okx $250/leg seq=sm_lt
nado perp symbols: 82
  [PASS] TW1_identity: {"mid_short": 11.5475, "mid_long": 11.5485, "dev_pct": 0.009, "margining": ["linear_usdc", "linear_usdt"], "ga
  [FAIL] TW2_persistence: {"pos_day_frac": 0.932, "model": "sharpe_ffill", "gate_pos_frac": 0.95, "intervals": {"nado": {"live_interval_
  [FAIL] TW3_live_spread: {"live_apr": -0.0434, "median60d_apr": 0.0332, "frac_of_median": -1.308, "gate_frac": 0.4, "model": "sharpe_ff
  [PASS] TW4_depth_rewalk: {"worst_slip_bps": 0.9, "gate_slip_bps": 25.0, "size_usd": 250, "walks": {"nado_short": {"entry_slip_bps": 0.8
  [PASS] TW5_floor_monitor: {"venues": {"nado": {"note": "no native funding-param endpoint (rate/interval watched via TW2)"}, "okx": {"not
  [PASS] TW6_counterparty: {"nado": {"cap_usd": 5000.0, "exposure_now_usd": 0, "projected_usd": 250, "tier": 2}, "okx": {"cap_usd": 20000
  [FAIL] CHAIN: {"tripwires": {"TW1_identity": "pass", "TW2_persistence": "fail", "TW3_live_spread": "fail", "TW4_depth_rewalk
nado perp symbols: 82

[tick done 25.6s active=0]

===== tick 6 2026-09-15T03:38:47Z =====
nado perp symbols: 82
  book binance/XMR: ERR binance XMR: {'code': -1003, 'msg': 'Way too many requests; IP(47.57.242.119) ba

== ENTRY CHECK XMR dydx->binance $400/leg seq=sm_lt
nado perp symbols: 82
  [FAIL] TW1_identity: {"error": "RuntimeError(\"binance XMR: {'code': -1003, 'msg': 'Way too many requests; IP(47.57.242.119) banned
  [PASS] TW2_persistence: {"pos_day_frac": 0.9767, "model": "native_event", "gate_pos_frac": 0.95, "intervals": {"dydx": {"live_interval
  native funding binance XMR: ERR 'lastFundingRate'
  [FAIL] TW3_live_spread: {"live_apr": -0.1095, "median60d_apr": 0.3384, "frac_of_median": -0.324, "gate_frac": 0.4, "model": "sharpe_ff
  [FAIL] TW4_depth_rewalk: {"worst_slip_bps": 79.8, "gate_slip_bps": 25.0, "size_usd": 400, "walks": {"dydx_short": {"entry_slip_bps": 79
  [PASS] TW5_floor_monitor: {"venues": {"dydx": {"params": {"defaultFundingRate1H": "0"}, "unchanged": true}, "binance": {"params": {"cap"
  [PASS] TW6_counterparty: {"dydx": {"cap_usd": 20000.0, "exposure_now_usd": 0, "projected_usd": 400, "tier": 1}, "binance": {"cap_usd": 
  [FAIL_HARD] CHAIN: {"tripwires": {"TW1_identity": "fail", "TW2_persistence": "pass", "TW3_live_spread": "fail", "TW4_depth_rewalk
nado perp symbols: 82
  BTW aster->bitget: venue frozen ['aster', 'bitget'], skip
  UAI aster->binance: venue frozen ['aster'], skip

== ENTRY CHECK INJ bingx->okx $250/leg seq=tt
nado perp symbols: 82
  [PASS] TW1_identity: {"mid_short": 6.1415, "mid_long": 6.1415, "dev_pct": 0.0, "margining": ["linear_usdt", "linear_usdt"], "gate_m
  [PASS] TW2_persistence: {"pos_day_frac": 0.9553, "model": "sharpe_ffill", "gate_pos_frac": 0.95, "intervals": {"bingx": {"live_interva
  [FAIL] TW3_live_spread: {"live_apr": -0.4739, "median60d_apr": 0.0134, "frac_of_median": -35.463, "gate_frac": 0.4, "model": "sharpe_f
  [PASS] TW4_depth_rewalk: {"worst_slip_bps": 1.6, "gate_slip_bps": 25.0, "size_usd": 250, "walks": {"bingx_short": {"entry_slip_bps": 0.
  [PASS] TW5_floor_monitor: {"venues": {"bingx": {"note": "no native funding-param endpoint (rate/interval watched via TW2)"}, "okx": {"no
  [PASS] TW6_counterparty: {"bingx": {"cap_usd": 5000.0, "exposure_now_usd": 250.0, "projected_usd": 500.0, "tier": 2}, "okx": {"cap_usd"
  [FAIL] CHAIN: {"tripwires": {"TW1_identity": "pass", "TW2_persistence": "pass", "TW3_live_spread": "fail", "TW4_depth_rewalk
nado perp symbols: 82

== ENTRY CHECK LINK nado->okx $250/leg seq=sm_lt
nado perp symbols: 82
  [PASS] TW1_identity: {"mid_short": 11.547, "mid_long": 11.5465, "dev_pct": 0.004, "margining": ["linear_usdc", "linear_usdt"], "gat
  [FAIL] TW2_persistence: {"pos_day_frac": 0.932, "model": "sharpe_ffill", "gate_pos_frac": 0.95, "intervals": {"nado": {"live_interval_
  [FAIL] TW3_live_spread: {"live_apr": -0.0441, "median60d_apr": 0.0332, "frac_of_median": -1.328, "gate_frac": 0.4, "model": "sharpe_ff
  [PASS] TW4_depth_rewalk: {"worst_slip_bps": 1.3, "gate_slip_bps": 25.0, "size_usd": 250, "walks": {"nado_short": {"entry_slip_bps": 1.2
  [PASS] TW5_floor_monitor: {"venues": {"nado": {"note": "no native funding-param endpoint (rate/interval watched via TW2)"}, "okx": {"not
  [PASS] TW6_counterparty: {"nado": {"cap_usd": 5000.0, "exposure_now_usd": 0, "projected_usd": 250, "tier": 2}, "okx": {"cap_usd": 20000
  [FAIL] CHAIN: {"tripwires": {"TW1_identity": "pass", "TW2_persistence": "fail", "TW3_live_spread": "fail", "TW4_depth_rewalk
nado perp symbols: 82

[tick done 26.9s active=0]

===== tick 7 2026-09-15T03:39:34Z =====
nado perp symbols: 82
  book binance/UAI: ERR binance UAI: {'code': -1003, 'msg': 'Way too many requests; IP(47.57.242.119) ba
  book binance/XMR: ERR binance XMR: {'code': -1003, 'msg': 'Way too many requests; IP(47.57.242.119) ba

== ENTRY CHECK XMR dydx->binance $400/leg seq=sm_lt
nado perp symbols: 82
  [PASS] TW1_identity: {"mid_short": 512.285, "mid_long": 514.085, "dev_pct": 0.35, "margining": ["linear_usd", "linear_usdt"], "gate
  [PASS] TW2_persistence: {"pos_day_frac": 0.9767, "model": "native_event", "gate_pos_frac": 0.95, "intervals": {"dydx": {"live_interval
  [FAIL] TW3_live_spread: {"live_apr": -0.1095, "median60d_apr": 0.3384, "frac_of_median": -0.324, "gate_frac": 0.4, "model": "sharpe_ff
  [FAIL] TW4_depth_rewalk: {"error": "RuntimeError(\"binance XMR: {'code': -1003, 'msg': 'Way too many requests; IP(47.57.242.119) banned
  [PASS] TW5_floor_monitor: {"venues": {"dydx": {"params": {"defaultFundingRate1H": "0"}, "unchanged": true}, "binance": {"params": {"cap"
  [PASS] TW6_counterparty: {"dydx": {"cap_usd": 20000.0, "exposure_now_usd": 0, "projected_usd": 400, "tier": 1}, "binance": {"cap_usd": 
  [FAIL] CHAIN: {"tripwires": {"TW1_identity": "pass", "TW2_persistence": "pass", "TW3_live_spread": "fail", "TW4_depth_rewalk
nado perp symbols: 82
  BTW aster->bitget: venue frozen ['aster', 'bitget'], skip
  UAI aster->binance: venue frozen ['aster'], skip

== ENTRY CHECK INJ bingx->okx $250/leg seq=tt
nado perp symbols: 82
  [PASS] TW1_identity: {"mid_short": 6.1385, "mid_long": 6.136, "dev_pct": 0.041, "margining": ["linear_usdt", "linear_usdt"], "gate_
  [PASS] TW2_persistence: {"pos_day_frac": 0.9553, "model": "sharpe_ffill", "gate_pos_frac": 0.95, "intervals": {"bingx": {"live_interva
  [FAIL] TW3_live_spread: {"live_apr": -0.4739, "median60d_apr": 0.0134, "frac_of_median": -35.463, "gate_frac": 0.4, "model": "sharpe_f
  [PASS] TW4_depth_rewalk: {"worst_slip_bps": 2.6, "gate_slip_bps": 25.0, "size_usd": 250, "walks": {"bingx_short": {"entry_slip_bps": 0.
  [PASS] TW5_floor_monitor: {"venues": {"bingx": {"note": "no native funding-param endpoint (rate/interval watched via TW2)"}, "okx": {"no
  [PASS] TW6_counterparty: {"bingx": {"cap_usd": 5000.0, "exposure_now_usd": 250.0, "projected_usd": 500.0, "tier": 2}, "okx": {"cap_usd"
  [FAIL] CHAIN: {"tripwires": {"TW1_identity": "pass", "TW2_persistence": "pass", "TW3_live_spread": "fail", "TW4_depth_rewalk
nado perp symbols: 82

== ENTRY CHECK LINK nado->okx $250/leg seq=sm_lt
nado perp symbols: 82
  [PASS] TW1_identity: {"mid_short": 11.5295, "mid_long": 11.5295, "dev_pct": 0.0, "margining": ["linear_usdc", "linear_usdt"], "gate
  [FAIL] TW2_persistence: {"pos_day_frac": 0.932, "model": "sharpe_ffill", "gate_pos_frac": 0.95, "intervals": {"nado": {"live_interval_
  [FAIL] TW3_live_spread: {"live_apr": -0.0441, "median60d_apr": 0.0332, "frac_of_median": -1.328, "gate_frac": 0.4, "model": "sharpe_ff
  [PASS] TW4_depth_rewalk: {"worst_slip_bps": 0.4, "gate_slip_bps": 25.0, "size_usd": 250, "walks": {"nado_short": {"entry_slip_bps": 0.4
  [PASS] TW5_floor_monitor: {"venues": {"nado": {"note": "no native funding-param endpoint (rate/interval watched via TW2)"}, "okx": {"not
  [PASS] TW6_counterparty: {"nado": {"cap_usd": 5000.0, "exposure_now_usd": 0, "projected_usd": 250, "tier": 2}, "okx": {"cap_usd": 20000
  [FAIL] CHAIN: {"tripwires": {"TW1_identity": "pass", "TW2_persistence": "fail", "TW3_live_spread": "fail", "TW4_depth_rewalk
nado perp symbols: 82

[tick done 26.1s active=0]

===== tick 8 2026-09-15T03:40:20Z =====
nado perp symbols: 82
  book binance/XMR: ERR binance XMR: {'code': -1003, 'msg': 'Way too many requests; IP(8.212.10.159) ban

== ENTRY CHECK XMR dydx->binance $400/leg seq=sm_lt
nado perp symbols: 82
  [FAIL] TW1_identity: {"error": "RuntimeError(\"binance XMR: {'code': -1003, 'msg': 'Way too many requests; IP(8.212.10.159) banned 
  native funding binance XMR: ERR 'lastFundingRate'
  [PASS] TW2_persistence: {"pos_day_frac": 0.9767, "model": "native_event", "gate_pos_frac": 0.95, "intervals": {"dydx": {"live_interval
  native funding binance XMR: ERR 'lastFundingRate'
  [FAIL] TW3_live_spread: {"live_apr": -0.1095, "median60d_apr": 0.3384, "frac_of_median": -0.324, "gate_frac": 0.4, "model": "sharpe_ff
  [FAIL] TW4_depth_rewalk: {"error": "RuntimeError(\"binance XMR: {'code': -1003, 'msg': 'Way too many requests; IP(8.212.10.159) banned 
  [PASS] TW5_floor_monitor: {"venues": {"dydx": {"params": {"defaultFundingRate1H": "0"}, "unchanged": true}, "binance": {"params": {"cap"
  [PASS] TW6_counterparty: {"dydx": {"cap_usd": 20000.0, "exposure_now_usd": 0, "projected_usd": 400, "tier": 1}, "binance": {"cap_usd": 
  [FAIL_HARD] CHAIN: {"tripwires": {"TW1_identity": "fail", "TW2_persistence": "pass", "TW3_live_spread": "fail", "TW4_depth_rewalk
nado perp symbols: 82
  BTW aster->bitget: venue frozen ['aster', 'bitget'], skip
  UAI aster->binance: venue frozen ['aster'], skip

== ENTRY CHECK INJ bingx->okx $250/leg seq=tt
nado perp symbols: 82
  [PASS] TW1_identity: {"mid_short": 6.1355, "mid_long": 6.136, "dev_pct": 0.008, "margining": ["linear_usdt", "linear_usdt"], "gate_
  [PASS] TW2_persistence: {"pos_day_frac": 0.9553, "model": "sharpe_ffill", "gate_pos_frac": 0.95, "intervals": {"bingx": {"live_interva
  [FAIL] TW3_live_spread: {"live_apr": -0.4745, "median60d_apr": 0.0134, "frac_of_median": -35.513, "gate_frac": 0.4, "model": "sharpe_f
  [PASS] TW4_depth_rewalk: {"worst_slip_bps": 0.8, "gate_slip_bps": 25.0, "size_usd": 250, "walks": {"bingx_short": {"entry_slip_bps": 0.
  [PASS] TW5_floor_monitor: {"venues": {"bingx": {"note": "no native funding-param endpoint (rate/interval watched via TW2)"}, "okx": {"no
  [PASS] TW6_counterparty: {"bingx": {"cap_usd": 5000.0, "exposure_now_usd": 250.0, "projected_usd": 500.0, "tier": 2}, "okx": {"cap_usd"
  [FAIL] CHAIN: {"tripwires": {"TW1_identity": "pass", "TW2_persistence": "pass", "TW3_live_spread": "fail", "TW4_depth_rewalk
nado perp symbols: 82

== ENTRY CHECK LINK nado->okx $250/leg seq=sm_lt
nado perp symbols: 82
  [PASS] TW1_identity: {"mid_short": 11.5315, "mid_long": 11.5325, "dev_pct": 0.009, "margining": ["linear_usdc", "linear_usdt"], "ga
  [FAIL] TW2_persistence: {"pos_day_frac": 0.932, "model": "sharpe_ffill", "gate_pos_frac": 0.95, "intervals": {"nado": {"live_interval_
  [FAIL] TW3_live_spread: {"live_apr": -0.0447, "median60d_apr": 0.0332, "frac_of_median": -1.346, "gate_frac": 0.4, "model": "sharpe_ff
  [PASS] TW4_depth_rewalk: {"worst_slip_bps": 0.9, "gate_slip_bps": 25.0, "size_usd": 250, "walks": {"nado_short": {"entry_slip_bps": 0.8
  [PASS] TW5_floor_monitor: {"venues": {"nado": {"note": "no native funding-param endpoint (rate/interval watched via TW2)"}, "okx": {"not
  [PASS] TW6_counterparty: {"nado": {"cap_usd": 5000.0, "exposure_now_usd": 0, "projected_usd": 250, "tier": 2}, "okx": {"cap_usd": 20000
  [FAIL] CHAIN: {"tripwires": {"TW1_identity": "pass", "TW2_persistence": "fail", "TW3_live_spread": "fail", "TW4_depth_rewalk
nado perp symbols: 82

[tick done 26.0s active=0]

===== tick 9 2026-09-15T03:41:06Z =====
nado perp symbols: 82
  book binance/XMR: ERR binance XMR: {'code': -1003, 'msg': 'Way too many requests; IP(8.212.10.159) ban

== ENTRY CHECK XMR dydx->binance $400/leg seq=sm_lt
nado perp symbols: 82
  [PASS] TW1_identity: {"mid_short": 512.225, "mid_long": 514.035, "dev_pct": 0.352, "margining": ["linear_usd", "linear_usdt"], "gat
  native funding binance XMR: ERR 'lastFundingRate'
  [PASS] TW2_persistence: {"pos_day_frac": 0.9767, "model": "native_event", "gate_pos_frac": 0.95, "intervals": {"dydx": {"live_interval
  native funding binance XMR: ERR 'lastFundingRate'
  [FAIL] TW3_live_spread: {"live_apr": -0.1095, "median60d_apr": 0.3384, "frac_of_median": -0.324, "gate_frac": 0.4, "model": "sharpe_ff
  [FAIL] TW4_depth_rewalk: {"worst_slip_bps": 81.1, "gate_slip_bps": 25.0, "size_usd": 400, "walks": {"dydx_short": {"entry_slip_bps": 81
  [PASS] TW5_floor_monitor: {"venues": {"dydx": {"params": {"defaultFundingRate1H": "0"}, "unchanged": true}, "binance": {"params": {"cap"
  [PASS] TW6_counterparty: {"dydx": {"cap_usd": 20000.0, "exposure_now_usd": 0, "projected_usd": 400, "tier": 1}, "binance": {"cap_usd": 
  [FAIL] CHAIN: {"tripwires": {"TW1_identity": "pass", "TW2_persistence": "pass", "TW3_live_spread": "fail", "TW4_depth_rewalk
nado perp symbols: 82
  BTW aster->bitget: venue frozen ['aster', 'bitget'], skip
  UAI aster->binance: venue frozen ['aster'], skip

== ENTRY CHECK INJ bingx->okx $250/leg seq=tt
nado perp symbols: 82
  [PASS] TW1_identity: {"mid_short": 6.1415, "mid_long": 6.1405, "dev_pct": 0.016, "margining": ["linear_usdt", "linear_usdt"], "gate
  [PASS] TW2_persistence: {"pos_day_frac": 0.9553, "model": "sharpe_ffill", "gate_pos_frac": 0.95, "intervals": {"bingx": {"live_interva
  [FAIL] TW3_live_spread: {"live_apr": -0.4745, "median60d_apr": 0.0134, "frac_of_median": -35.513, "gate_frac": 0.4, "model": "sharpe_f
  [PASS] TW4_depth_rewalk: {"worst_slip_bps": 1.8, "gate_slip_bps": 25.0, "size_usd": 250, "walks": {"bingx_short": {"entry_slip_bps": 0.
  [PASS] TW5_floor_monitor: {"venues": {"bingx": {"note": "no native funding-param endpoint (rate/interval watched via TW2)"}, "okx": {"no
  [PASS] TW6_counterparty: {"bingx": {"cap_usd": 5000.0, "exposure_now_usd": 250.0, "projected_usd": 500.0, "tier": 2}, "okx": {"cap_usd"
  [FAIL] CHAIN: {"tripwires": {"TW1_identity": "pass", "TW2_persistence": "pass", "TW3_live_spread": "fail", "TW4_depth_rewalk
nado perp symbols: 82

== ENTRY CHECK LINK nado->okx $250/leg seq=sm_lt
nado perp symbols: 82
  [PASS] TW1_identity: {"mid_short": 11.5355, "mid_long": 11.5355, "dev_pct": 0.0, "margining": ["linear_usdc", "linear_usdt"], "gate
  [FAIL] TW2_persistence: {"pos_day_frac": 0.932, "model": "sharpe_ffill", "gate_pos_frac": 0.95, "intervals": {"nado": {"live_interval_
  [FAIL] TW3_live_spread: {"live_apr": -0.0449, "median60d_apr": 0.0332, "frac_of_median": -1.355, "gate_frac": 0.4, "model": "sharpe_ff
  [PASS] TW4_depth_rewalk: {"worst_slip_bps": 1.4, "gate_slip_bps": 25.0, "size_usd": 250, "walks": {"nado_short": {"entry_slip_bps": 1.3
  [PASS] TW5_floor_monitor: {"venues": {"nado": {"note": "no native funding-param endpoint (rate/interval watched via TW2)"}, "okx": {"not
  [PASS] TW6_counterparty: {"nado": {"cap_usd": 5000.0, "exposure_now_usd": 0, "projected_usd": 250, "tier": 2}, "okx": {"cap_usd": 20000
  [FAIL] CHAIN: {"tripwires": {"TW1_identity": "pass", "TW2_persistence": "fail", "TW3_live_spread": "fail", "TW4_depth_rewalk
nado perp symbols: 82

[tick done 27.0s active=0]

===== tick 10 2026-09-15T03:41:53Z =====
nado perp symbols: 82
  book binance/UAI: ERR binance UAI: {'code': -1003, 'msg': 'Way too many requests; IP(8.212.10.159) ban
  book binance/XMR: ERR binance XMR: {'code': -1003, 'msg': 'Way too many requests; IP(8.212.10.159) ban

== ENTRY CHECK XMR dydx->binance $400/leg seq=sm_lt
nado perp symbols: 82
  [PASS] TW1_identity: {"mid_short": 512.215, "mid_long": 513.985, "dev_pct": 0.344, "margining": ["linear_usd", "linear_usdt"], "gat
  native funding binance XMR: ERR 'lastFundingRate'
  [PASS] TW2_persistence: {"pos_day_frac": 0.9767, "model": "native_event", "gate_pos_frac": 0.95, "intervals": {"dydx": {"live_interval
  native funding binance XMR: ERR 'lastFundingRate'
  [FAIL] TW3_live_spread: {"live_apr": -0.1095, "median60d_apr": 0.3384, "frac_of_median": -0.324, "gate_frac": 0.4, "model": "sharpe_ff
  [FAIL] TW4_depth_rewalk: {"error": "RuntimeError(\"binance XMR: {'code': -1003, 'msg': 'Way too many requests; IP(8.212.10.159) banned 
  [PASS] TW5_floor_monitor: {"venues": {"dydx": {"params": {"defaultFundingRate1H": "0"}, "unchanged": true}, "binance": {"params": {"cap"
  [PASS] TW6_counterparty: {"dydx": {"cap_usd": 20000.0, "exposure_now_usd": 0, "projected_usd": 400, "tier": 1}, "binance": {"cap_usd": 
  [FAIL] CHAIN: {"tripwires": {"TW1_identity": "pass", "TW2_persistence": "pass", "TW3_live_spread": "fail", "TW4_depth_rewalk
nado perp symbols: 82
  BTW aster->bitget: venue frozen ['aster', 'bitget'], skip
  UAI aster->binance: venue frozen ['aster'], skip

== ENTRY CHECK INJ bingx->okx $250/leg seq=tt
nado perp symbols: 82
  [PASS] TW1_identity: {"mid_short": 6.1385, "mid_long": 6.1375, "dev_pct": 0.016, "margining": ["linear_usdt", "linear_usdt"], "gate
  [PASS] TW2_persistence: {"pos_day_frac": 0.9553, "model": "sharpe_ffill", "gate_pos_frac": 0.95, "intervals": {"bingx": {"live_interva
  [FAIL] TW3_live_spread: {"live_apr": -0.5203, "median60d_apr": 0.0134, "frac_of_median": -38.941, "gate_frac": 0.4, "model": "sharpe_f
  [PASS] TW4_depth_rewalk: {"worst_slip_bps": 1.3, "gate_slip_bps": 25.0, "size_usd": 250, "walks": {"bingx_short": {"entry_slip_bps": 0.
  [PASS] TW5_floor_monitor: {"venues": {"bingx": {"note": "no native funding-param endpoint (rate/interval watched via TW2)"}, "okx": {"no
  [PASS] TW6_counterparty: {"bingx": {"cap_usd": 5000.0, "exposure_now_usd": 250.0, "projected_usd": 500.0, "tier": 2}, "okx": {"cap_usd"
  [FAIL] CHAIN: {"tripwires": {"TW1_identity": "pass", "TW2_persistence": "pass", "TW3_live_spread": "fail", "TW4_depth_rewalk
nado perp symbols: 82

== ENTRY CHECK LINK nado->okx $250/leg seq=sm_lt
nado perp symbols: 82
  [PASS] TW1_identity: {"mid_short": 11.537, "mid_long": 11.5365, "dev_pct": 0.004, "margining": ["linear_usdc", "linear_usdt"], "gat
  [FAIL] TW2_persistence: {"pos_day_frac": 0.932, "model": "sharpe_ffill", "gate_pos_frac": 0.95, "intervals": {"nado": {"live_interval_
  [FAIL] TW3_live_spread: {"live_apr": -0.0456, "median60d_apr": 0.0332, "frac_of_median": -1.375, "gate_frac": 0.4, "model": "sharpe_ff
  [PASS] TW4_depth_rewalk: {"worst_slip_bps": 1.3, "gate_slip_bps": 25.0, "size_usd": 250, "walks": {"nado_short": {"entry_slip_bps": 1.3
  [PASS] TW5_floor_monitor: {"venues": {"nado": {"note": "no native funding-param endpoint (rate/interval watched via TW2)"}, "okx": {"not
  [PASS] TW6_counterparty: {"nado": {"cap_usd": 5000.0, "exposure_now_usd": 0, "projected_usd": 250, "tier": 2}, "okx": {"cap_usd": 20000
  [FAIL] CHAIN: {"tripwires": {"TW1_identity": "pass", "TW2_persistence": "fail", "TW3_live_spread": "fail", "TW4_depth_rewalk
nado perp symbols: 82

[tick done 25.9s active=0]

===== tick 11 2026-09-15T03:42:39Z =====
nado perp symbols: 82

== ENTRY CHECK XMR dydx->binance $400/leg seq=sm_lt
nado perp symbols: 82
  [PASS] TW1_identity: {"mid_short": 512.16, "mid_long": 514.13, "dev_pct": 0.383, "margining": ["linear_usd", "linear_usdt"], "gate_
  [PASS] TW2_persistence: {"pos_day_frac": 0.9767, "model": "native_event", "gate_pos_frac": 0.95, "intervals": {"dydx": {"live_interval
  [FAIL] TW3_live_spread: {"live_apr": -0.1095, "median60d_apr": 0.3384, "frac_of_median": -0.324, "gate_frac": 0.4, "model": "sharpe_ff
  [FAIL] TW4_depth_rewalk: {"worst_slip_bps": 82.2, "gate_slip_bps": 25.0, "size_usd": 400, "walks": {"dydx_short": {"entry_slip_bps": 82
  [PASS] TW5_floor_monitor: {"venues": {"dydx": {"params": {"defaultFundingRate1H": "0"}, "unchanged": true}, "binance": {"params": {"cap"
  [PASS] TW6_counterparty: {"dydx": {"cap_usd": 20000.0, "exposure_now_usd": 0, "projected_usd": 400, "tier": 1}, "binance": {"cap_usd": 
  [FAIL] CHAIN: {"tripwires": {"TW1_identity": "pass", "TW2_persistence": "pass", "TW3_live_spread": "fail", "TW4_depth_rewalk
nado perp symbols: 82
  BTW aster->bitget: venue frozen ['aster', 'bitget'], skip
  UAI aster->binance: venue frozen ['aster'], skip

== ENTRY CHECK INJ bingx->okx $250/leg seq=tt
nado perp symbols: 82
  [PASS] TW1_identity: {"mid_short": 6.1395, "mid_long": 6.1375, "dev_pct": 0.033, "margining": ["linear_usdt", "linear_usdt"], "gate
  [PASS] TW2_persistence: {"pos_day_frac": 0.9553, "model": "sharpe_ffill", "gate_pos_frac": 0.95, "intervals": {"bingx": {"live_interva
  [FAIL] TW3_live_spread: {"live_apr": -0.552, "median60d_apr": 0.0134, "frac_of_median": -41.314, "gate_frac": 0.4, "model": "sharpe_ff
  [PASS] TW4_depth_rewalk: {"worst_slip_bps": 1.6, "gate_slip_bps": 25.0, "size_usd": 250, "walks": {"bingx_short": {"entry_slip_bps": 0.
  [PASS] TW5_floor_monitor: {"venues": {"bingx": {"note": "no native funding-param endpoint (rate/interval watched via TW2)"}, "okx": {"no
  [PASS] TW6_counterparty: {"bingx": {"cap_usd": 5000.0, "exposure_now_usd": 250.0, "projected_usd": 500.0, "tier": 2}, "okx": {"cap_usd"
  [FAIL] CHAIN: {"tripwires": {"TW1_identity": "pass", "TW2_persistence": "pass", "TW3_live_spread": "fail", "TW4_depth_rewalk
nado perp symbols: 82

== ENTRY CHECK LINK nado->okx $250/leg seq=sm_lt
nado perp symbols: 82
  [PASS] TW1_identity: {"mid_short": 11.532, "mid_long": 11.5305, "dev_pct": 0.013, "margining": ["linear_usdc", "linear_usdt"], "gat
  [FAIL] TW2_persistence: {"pos_day_frac": 0.932, "model": "sharpe_ffill", "gate_pos_frac": 0.95, "intervals": {"nado": {"live_interval_
  [FAIL] TW3_live_spread: {"live_apr": -0.0463, "median60d_apr": 0.0332, "frac_of_median": -1.396, "gate_frac": 0.4, "model": "sharpe_ff
  [PASS] TW4_depth_rewalk: {"worst_slip_bps": 1.4, "gate_slip_bps": 25.0, "size_usd": 250, "walks": {"nado_short": {"entry_slip_bps": 1.3
  [PASS] TW5_floor_monitor: {"venues": {"nado": {"note": "no native funding-param endpoint (rate/interval watched via TW2)"}, "okx": {"not
  [PASS] TW6_counterparty: {"nado": {"cap_usd": 5000.0, "exposure_now_usd": 0, "projected_usd": 250, "tier": 2}, "okx": {"cap_usd": 20000
  [FAIL] CHAIN: {"tripwires": {"TW1_identity": "pass", "TW2_persistence": "fail", "TW3_live_spread": "fail", "TW4_depth_rewalk
nado perp symbols: 82

[tick done 26.8s active=0]

===== run window ended =====
engine heartbeat: 2026-09-15T03:43:05Z

positions:
  #1 INJ bingx->okx         closed     stage=init               entry=0.131% open=2026-09-03T10:26:23Z close=2026-09-08T09:57:55Z
  #2 UAI aster->binance     closed     stage=long_taker         entry=0.082% open=2026-09-03T21:03:29Z close=2026-09-08T10:02:23Z
  #3 INJ bingx->okx         closed     stage=init               entry=0.139% open=2026-09-08T09:58:20Z close=2026-09-08T10:09:37Z
  #4 UAI aster->binance     closed     stage=long_taker         entry=0.082% open=2026-09-08T10:02:49Z close=2026-09-14T03:08:57Z

resting orders:

recent fills:
  2026-09-14T03:08:57Z UAI aster->binance   long /binance  sell taker qty=768.846 px=0.52026 slip=2.69 fee=5.0
  2026-09-14T03:08:57Z UAI aster->binance   short/aster    buy  taker qty=767.757 px=0.520998 slip=5.72 fee=4.0
  2026-09-08T10:09:37Z INJ bingx->okx       long /okx      sell taker qty=39.6825 px=6.3 slip=0.79 fee=5.0
  2026-09-08T10:09:37Z INJ bingx->okx       short/bingx    buy  taker qty=39.6699 px=6.302 slip=1.59 fee=5.0
  2026-09-08T10:04:52Z UAI aster->binance   long /binance  buy  taker qty=550.331 px=0.726836 slip=3.24 fee=5.0
  2026-09-08T10:04:52Z UAI aster->binance   short/aster    sell maker qty=550.964 px=0.726 slip=0.0 fee=0.0
  2026-09-08T10:02:23Z UAI aster->binance   short/aster    buy  maker qty=549.677 px=0.7277 slip=0.0 fee=0.0
  2026-09-08T09:58:20Z INJ bingx->okx       long /okx      buy  taker qty=39.4697 px=6.33397 slip=2.33 fee=5.0
  2026-09-08T09:58:20Z INJ bingx->okx       short/bingx    sell taker qty=39.4633 px=6.335 slip=1.58 fee=5.0
  2026-09-08T09:57:55Z UAI aster->binance   long /binance  sell taker qty=550.399 px=0.726745 slip=2.13 fee=5.0
  2026-09-08T09:57:55Z INJ bingx->okx       long /okx      sell taker qty=39.482 px=6.332 slip=0.79 fee=5.0
  2026-09-08T09:57:55Z INJ bingx->okx       short/bingx    buy  taker qty=39.4508 px=6.337 slip=1.58 fee=5.0
