candidate pairs 69, unique legs 93
aster symbol map 542
daemon plan: ['2026-09-01T16:01:00+00:00', '2026-09-01T20:01:00+00:00', '2026-09-02T00:01:00+00:00', '2026-09-02T04:01:00+00:00', '2026-09-02T08:01:00+00:00', '2026-09-02T12:01:00+00:00']
sleeping 2.36h until 2026-09-01T16:01:00+00:00
candidate pairs 69, unique legs 93
aster symbol map 542
daemon plan: ['2026-09-01T20:01:00+00:00', '2026-09-02T00:01:00+00:00', '2026-09-02T04:01:00+00:00', '2026-09-02T08:01:00+00:00', '2026-09-02T12:01:00+00:00', '2026-09-02T16:01:00+00:00']
sleeping 1.38h until 2026-09-01T20:01:00+00:00
candidate pairs 69, unique legs 93
aster symbol map 542
daemon plan: ['2026-09-01T20:01:00+00:00', '2026-09-02T00:01:00+00:00', '2026-09-02T04:01:00+00:00', '2026-09-02T08:01:00+00:00', '2026-09-02T12:01:00+00:00', '2026-09-02T16:01:00+00:00']
sleeping 1.36h until 2026-09-01T20:01:00+00:00
[launcher] double-fork daemon pid=1075 t=18:4x UTC
candidate pairs 69, unique legs 93
aster symbol map 542
daemon plan: ['2026-09-01T20:01:00+00:00', '2026-09-02T00:01:00+00:00', '2026-09-02T04:01:00+00:00', '2026-09-02T08:01:00+00:00', '2026-09-02T12:01:00+00:00', '2026-09-02T16:01:00+00:00']
sleeping 1.35h until 2026-09-01T20:01:00+00:00
20:01:02 W02_20u_us pass 1: 93/93 ok (3s)
20:01:50 W02_20u_us pass 2: 93/93 ok (3s)
20:02:38 W02_20u_us pass 3: 93/93 ok (3s)
== W02_20u_us done: 279/279
sleeping 3.97h until 2026-09-02T00:01:00+00:00
=== restart 2026-09-02T00:12:07Z ===
candidate pairs 69, unique legs 93
aster symbol map 542
00:12:10 W03_00u_asia pass 1: 93/93 ok (3s)
candidate pairs 69, unique legs 93
aster symbol map 542
daemon plan: ['2026-09-02T04:01:00+00:00', '2026-09-02T08:01:00+00:00', '2026-09-02T12:01:00+00:00']
sleeping 3.19h until 2026-09-02T04:01:00+00:00
candidate pairs 69, unique legs 93
aster symbol map 542
daemon plan: ['2026-09-02T04:01:00+00:00', '2026-09-02T08:01:00+00:00', '2026-09-02T12:01:00+00:00']
sleeping 2.94h until 2026-09-02T04:01:00+00:00
candidate pairs 69, unique legs 93
aster symbol map 542
daemon plan: ['2026-09-02T04:01:00+00:00', '2026-09-02T08:01:00+00:00', '2026-09-02T12:01:00+00:00', '2026-09-02T16:01:00+00:00', '2026-09-02T20:01:00+00:00', '2026-09-03T00:01:00+00:00']
sleeping 2.82h until 2026-09-02T04:01:00+00:00
candidate pairs 69, unique legs 93
aster symbol map 542
daemon plan: ['2026-09-02T04:01:00+00:00', '2026-09-02T08:01:00+00:00', '2026-09-02T12:01:00+00:00', '2026-09-02T16:01:00+00:00', '2026-09-02T20:01:00+00:00', '2026-09-03T00:01:00+00:00']
sleeping 2.07h until 2026-09-02T04:01:00+00:00
